F060HNA_F059NVA_002 /nfs/user/wangrenyu/data/thu_ev_xmx_1/thu_ev_wav/F060HNA_F059NVA_002.wav
F057KPN_F058VAN_005 /nfs/user/wangrenyu/data/thu_ev_xmx_1/thu_ev_wav/F057KPN_F058VAN_005.wav
F033PKN_F032ANH_005 /nfs/user/wangrenyu/data/thu_ev_xmx_1/thu_ev_wav/F033PKN_F032ANH_005.wav
F029HJN_M016VAN_001 /nfs/user/wangrenyu/data/thu_ev_xmx_1/thu_ev_wav/F029HJN_M016VAN_001.wav
F047JHN_F046VAN_001 /nfs/user/wangrenyu/data/thu_ev_xmx_1/thu_ev_wav/F047JHN_M046VAN_001.wav
F049JNV_F048ANV_004 /nfs/user/wangrenyu/data/thu_ev_xmx_1/thu_ev_wav/F049JNV_F048ANV_004.wav
M003NJH_F009VNH_001 /nfs/user/wangrenyu/data/thu_ev_xmx_1/thu_ev_wav/M003NJH_F009VNH_001.wav
M026KPN_M027VNJ_005 /nfs/user/wangrenyu/data/thu_ev_xmx_1/thu_ev_wav/M026KPN_M027VNJ_005.wav
M016HJN_F029VAN_002 /nfs/user/wangrenyu/data/thu_ev_xmx_1/thu_ev_wav/M016HJN_F029VAN_002.wav
F066PKN_F065ANH_001 /nfs/user/wangrenyu/data/thu_ev_xmx_1/thu_ev_wav/F066PKN_F065ANH_001.wav
M016HJN_F029VAN_005 /nfs/user/wangrenyu/data/thu_ev_xmx_1/thu_ev_wav/M016HJN_F029VAN_005.wav
F036PNG_F037VNA_001 /nfs/user/wangrenyu/data/thu_ev_xmx_1/thu_ev_wav/F036PNG_F037VNA_001.wav
F047JHN_F046VAN_005 /nfs/user/wangrenyu/data/thu_ev_xmx_1/thu_ev_wav/F047JHN_M046VAN_005.wav
F031PNI_F030ANV_004 /nfs/user/wangrenyu/data/thu_ev_xmx_1/thu_ev_wav/F031PNI_F030ANV_004.wav
F014HJN_F015VNJ_002 /nfs/user/wangrenyu/data/thu_ev_xmx_1/thu_ev_wav/F014HJN_F015VNJ_002.wav
M015JNV_F027ANV_003 /nfs/user/wangrenyu/data/thu_ev_xmx_1/thu_ev_wav/M015JNV_F027ANV_003.wav
M031PKN_F056AVN_004 /nfs/user/wangrenyu/data/thu_ev_xmx_1/thu_ev_wav/M031PKN_F056AVN_004.wav
F055PNI_F054ANV_001 /nfs/user/wangrenyu/data/thu_ev_xmx_1/thu_ev_wav/F055PNI_F054ANV_001.wav
M016HJN_F029VAN_001 /nfs/user/wangrenyu/data/thu_ev_xmx_1/thu_ev_wav/M016HJN_F029VAN_001.wav
M015JNV_F027ANV_001 /nfs/user/wangrenyu/data/thu_ev_xmx_1/thu_ev_wav/M015JNV_F027ANV_001.wav
F068PKN_F069ANH_005 /nfs/user/wangrenyu/data/thu_ev_xmx_1/thu_ev_wav/F068PKN_F069ANH_005.wav
M012NHJ_F028ANJ_001 /nfs/user/wangrenyu/data/thu_ev_xmx_1/thu_ev_wav/M012NHJ_F028ANJ_001.wav
M026AVN_M027PKN_003 /nfs/user/wangrenyu/data/thu_ev_xmx_1/thu_ev_wav/M026AVN_M027PKN_003.wav
F041KPN_M024VNJ_003 /nfs/user/wangrenyu/data/thu_ev_xmx_1/thu_ev_wav/F041KPN_M024VNJ_003.wav
F038HJN_F039VAN_006 /nfs/user/wangrenyu/data/thu_ev_xmx_1/thu_ev_wav/F038HJN_F039VAN_006.wav
F038HNA_F039NVA_003 /nfs/user/wangrenyu/data/thu_ev_xmx_1/thu_ev_wav/F038HNA_F039NVA_003.wav
M003NJH_F009VNH_002 /nfs/user/wangrenyu/data/thu_ev_xmx_1/thu_ev_wav/M003NJH_F009VNH_002.wav
M005JAN_F011AVN_002 /nfs/user/wangrenyu/data/thu_ev_xmx_1/thu_ev_wav/M005JAN_F011AVN_002.wav
M011JHN_F025AVN_001 /nfs/user/wangrenyu/data/thu_ev_xmx_1/thu_ev_wav/M011JHN_F025AVN_001.wav
M027AVN_M026PKN_001 /nfs/user/wangrenyu/data/thu_ev_xmx_1/thu_ev_wav/M027AVN_M026PKN_001.wav
F056PKN_M031ANH_003 /nfs/user/wangrenyu/data/thu_ev_xmx_1/thu_ev_wav/F056PKN_M031ANH_003.wav
M003HNA_F009NVA_002 /nfs/user/wangrenyu/data/thu_ev_xmx_1/thu_ev_wav/M003HNA_F009NVA_002.wav
M033PNG_M032VNA_005 /nfs/user/wangrenyu/data/thu_ev_xmx_1/thu_ev_wav/M033PNG_M032VNA_005.wav
F055PNI_F054ANV_003 /nfs/user/wangrenyu/data/thu_ev_xmx_1/thu_ev_wav/F055PNI_F054ANV_003.wav
F034HNA_F035NVA_001 /nfs/user/wangrenyu/data/thu_ev_xmx_1/thu_ev_wav/F034HNA_F035NVA_001.wav
M029PNI_M028ANV_006 /nfs/user/wangrenyu/data/thu_ev_xmx_1/thu_ev_wav/M029PNI_M028ANV_006.wav
F042KNA_F043NVA_005 /nfs/user/wangrenyu/data/thu_ev_xmx_1/thu_ev_wav/F042KNA_F043NVA_005.wav
M029PNI_M028ANV_003 /nfs/user/wangrenyu/data/thu_ev_xmx_1/thu_ev_wav/M029PNI_M028ANV_003.wav
M024KPN_F041VNJ_002 /nfs/user/wangrenyu/data/thu_ev_xmx_1/thu_ev_wav/M024KPN_F041VNJ_002.wav
F001JHN_F002ANH_001 /nfs/user/wangrenyu/data/thu_ev_xmx_1/thu_ev_wav/F001JHN_F002ANH_001.wav
M008JHN_F022AVN_002 /nfs/user/wangrenyu/data/thu_ev_xmx_1/thu_ev_wav/M008JHN_F022AVN_002.wav
F024HNV_M019NAV_005 /nfs/user/wangrenyu/data/thu_ev_xmx_1/thu_ev_wav/F024HNV_M019NAV_005.wav
F058KPN_F057VAN_001 /nfs/user/wangrenyu/data/thu_ev_xmx_1/thu_ev_wav/F058KPN_F057VAN_001.wav
F053NPK_M030VNH_005 /nfs/user/wangrenyu/data/thu_ev_xmx_1/thu_ev_wav/F053NPK_M030VNH_005.wav
F039HNA_F038NVA_004 /nfs/user/wangrenyu/data/thu_ev_xmx_1/thu_ev_wav/F039HNA_F038NVA_004.wav
F019JHN_F018ANH_003 /nfs/user/wangrenyu/data/thu_ev_xmx_1/thu_ev_wav/F019JHN_F018ANH_003.wav
F041NVA_M024HNA_005 /nfs/user/wangrenyu/data/thu_ev_xmx_1/thu_ev_wav/F041NVA_M024HNA_005.wav
F002HJN_F001VAN_003 /nfs/user/wangrenyu/data/thu_ev_xmx_1/thu_ev_wav/F002HJN_F001VAN_003.wav
M023PNG_F040VNA_005 /nfs/user/wangrenyu/data/thu_ev_xmx_1/thu_ev_wav/M023PNG_F040VNA_005.wav
F070NKP_F071ANJ_002 /nfs/user/wangrenyu/data/thu_ev_xmx_1/thu_ev_wav/F070NKP_F071ANJ_002.wav
F059HNA_F060NVA_006 /nfs/user/wangrenyu/data/thu_ev_xmx_1/thu_ev_wav/F059HNA_F060NVA_006.wav
F068NKP_F069ANJ_004 /nfs/user/wangrenyu/data/thu_ev_xmx_1/thu_ev_wav/F068NKP_F069ANJ_004.wav
M024HNA_F041NVA_004 /nfs/user/wangrenyu/data/thu_ev_xmx_1/thu_ev_wav/M024HNA_F041NVA_004.wav
M017JNA_M018VNA_006 /nfs/user/wangrenyu/data/thu_ev_xmx_1/thu_ev_wav/M017JNA_M018VNA_006.wav
M003HNA_F009NVA_003 /nfs/user/wangrenyu/data/thu_ev_xmx_1/thu_ev_wav/M003HNA_F009NVA_003.wav
F038HNA_F039NVA_004 /nfs/user/wangrenyu/data/thu_ev_xmx_1/thu_ev_wav/F038HNA_F039NVA_004.wav
M028PNI_M029ANV_004 /nfs/user/wangrenyu/data/thu_ev_xmx_1/thu_ev_wav/M028PNI_M029ANV_004.wav
M015JHN_F027AVN_005 /nfs/user/wangrenyu/data/thu_ev_xmx_1/thu_ev_wav/M015JHN_F027AVN_005.wav
F053NKP_M030ANJ_006 /nfs/user/wangrenyu/data/thu_ev_xmx_1/thu_ev_wav/F053NKP_M030ANJ_006.wav
M012NHJ_F028ANJ_005 /nfs/user/wangrenyu/data/thu_ev_xmx_1/thu_ev_wav/M012NHJ_F028ANJ_005.wav
M025PKN_F050ANH_006 /nfs/user/wangrenyu/data/thu_ev_xmx_1/thu_ev_wav/M025PKN_F050ANH_006.wav
F044NKP_F045ANJ_001 /nfs/user/wangrenyu/data/thu_ev_xmx_1/thu_ev_wav/F044NKP_F045ANJ_001.wav
F026HNA_M014NVA_005 /nfs/user/wangrenyu/data/thu_ev_xmx_1/thu_ev_wav/F026HNA_M014NVA_005.wav
F065PNI_F066ANV_003 /nfs/user/wangrenyu/data/thu_ev_xmx_1/thu_ev_wav/F065PNI_F066ANV_003.wav
F040HNA_M023NVA_001 /nfs/user/wangrenyu/data/thu_ev_xmx_1/thu_ev_wav/F040HNA_M023NVA_001.wav
F040HNA_M023NVA_005 /nfs/user/wangrenyu/data/thu_ev_xmx_1/thu_ev_wav/F040HNA_M023NVA_005.wav
M031PKN_F056ANH_004 /nfs/user/wangrenyu/data/thu_ev_xmx_1/thu_ev_wav/M031PKN_F056ANH_004.wav
F045NPK_F044VNH_002 /nfs/user/wangrenyu/data/thu_ev_xmx_1/thu_ev_wav/F045NPK_F044VNH_002.wav
F038HJN_F039VAN_005 /nfs/user/wangrenyu/data/thu_ev_xmx_1/thu_ev_wav/F038HJN_F039VAN_005.wav
M002JHN_F008ANH_002 /nfs/user/wangrenyu/data/thu_ev_xmx_1/thu_ev_wav/M002JHN_F008ANH_002.wav
F012NJH_F013VNH_003 /nfs/user/wangrenyu/data/thu_ev_xmx_1/thu_ev_wav/F012NJH_F013VNH_003.wav
F009HNA_M003NVA_001 /nfs/user/wangrenyu/data/thu_ev_xmx_1/thu_ev_wav/F009HNA_M003NVA_001.wav
M024HNA_F041NVA_006 /nfs/user/wangrenyu/data/thu_ev_xmx_1/thu_ev_wav/M024HNA_F041NVA_006.wav
F025JNV_M011ANV_003 /nfs/user/wangrenyu/data/thu_ev_xmx_1/thu_ev_wav/F025JNV_M011ANV_003.wav
F028VNA_M012JNA_004 /nfs/user/wangrenyu/data/thu_ev_xmx_1/thu_ev_wav/F028VNA_M012JNA_004.wav
F061KNA_F062NVA_001 /nfs/user/wangrenyu/data/thu_ev_xmx_1/thu_ev_wav/F061KNA_F062NVA_001.wav
M030NPK_F053VNH_003 /nfs/user/wangrenyu/data/thu_ev_xmx_1/thu_ev_wav/M030NPK_F053VNH_003.wav
M031PKN_F056ANH_001 /nfs/user/wangrenyu/data/thu_ev_xmx_1/thu_ev_wav/M031PKN_F056ANH_001.wav
F054PNI_F055ANV_003 /nfs/user/wangrenyu/data/thu_ev_xmx_1/thu_ev_wav/F054PNI_F055ANV_003.wav
M014HJN_F026VNJ_004 /nfs/user/wangrenyu/data/thu_ev_xmx_1/thu_ev_wav/M014HJN_F026VNJ_004.wav
M011JNV_F025ANV_006 /nfs/user/wangrenyu/data/thu_ev_xmx_1/thu_ev_wav/M011JNV_F025ANV_006.wav
F037PNG_F036VNA_003 /nfs/user/wangrenyu/data/thu_ev_xmx_1/thu_ev_wav/F037PNG_F036VNA_003.wav
F040PNG_M023VNA_004 /nfs/user/wangrenyu/data/thu_ev_xmx_1/thu_ev_wav/F040PNG_M023VNA_004.wav
F024HNV_M019NAV_001 /nfs/user/wangrenyu/data/thu_ev_xmx_1/thu_ev_wav/F024HNV_M019NAV_001.wav
M030NKP_F053ANJ_002 /nfs/user/wangrenyu/data/thu_ev_xmx_1/thu_ev_wav/M030NKP_F053ANJ_002.wav
F036PNG_F037VNA_002 /nfs/user/wangrenyu/data/thu_ev_xmx_1/thu_ev_wav/F036PNG_F037VNA_002.wav
M031PKN_F056AVN_002 /nfs/user/wangrenyu/data/thu_ev_xmx_1/thu_ev_wav/M031PKN_F056AVN_002.wav
F068NKP_F069ANJ_003 /nfs/user/wangrenyu/data/thu_ev_xmx_1/thu_ev_wav/F068NKP_F069ANJ_003.wav
F056PKN_M031ANH_004 /nfs/user/wangrenyu/data/thu_ev_xmx_1/thu_ev_wav/F056PKN_M031ANH_004.wav
F071NKP_F070ANJ_003 /nfs/user/wangrenyu/data/thu_ev_xmx_1/thu_ev_wav/F071NKP_F070ANJ_003.wav
F041KPN_M024VNJ_002 /nfs/user/wangrenyu/data/thu_ev_xmx_1/thu_ev_wav/F041KPN_M024VNJ_002.wav
F020JNA_F021VNA_001 /nfs/user/wangrenyu/data/thu_ev_xmx_1/thu_ev_wav/F020JNA_F021VNA_001.wav
F056PKN_M031ANH_001 /nfs/user/wangrenyu/data/thu_ev_xmx_1/thu_ev_wav/F056PKN_M031ANH_001.wav
F017NJH_F016VNH_002 /nfs/user/wangrenyu/data/thu_ev_xmx_1/thu_ev_wav/F017NJH_F016VNH_002.wav
F066PKN_F065ANH_005 /nfs/user/wangrenyu/data/thu_ev_xmx_1/thu_ev_wav/F066PKN_F065ANH_005.wav
F040HNA_M023NVA_006 /nfs/user/wangrenyu/data/thu_ev_xmx_1/thu_ev_wav/F040HNA_M023NVA_006.wav
F022NHJ_M008ANJ_003 /nfs/user/wangrenyu/data/thu_ev_xmx_1/thu_ev_wav/F022NHJ_M008ANJ_003.wav
F014JNA_F015VNA_002 /nfs/user/wangrenyu/data/thu_ev_xmx_1/thu_ev_wav/F014JNA_F015VNA_002.wav
M031PKN_F056AVN_005 /nfs/user/wangrenyu/data/thu_ev_xmx_1/thu_ev_wav/M031PKN_F056AVN_005.wav
F049KNI_F048NAV_001 /nfs/user/wangrenyu/data/thu_ev_xmx_1/thu_ev_wav/F049KNI_F048NAV_001.wav
M013NJH_M018VNH_005 /nfs/user/wangrenyu/data/thu_ev_xmx_1/thu_ev_wav/M013NJH_M018VNH_005.wav
F026HNA_M014NVA_001 /nfs/user/wangrenyu/data/thu_ev_xmx_1/thu_ev_wav/F026HNA_M014NVA_001.wav
F012NJH_F013VNH_001 /nfs/user/wangrenyu/data/thu_ev_xmx_1/thu_ev_wav/F012NJH_F013VNH_001.wav
M012NHJ_F028ANJ_004 /nfs/user/wangrenyu/data/thu_ev_xmx_1/thu_ev_wav/M012NHJ_F028ANJ_004.wav
M005JAN_F011AVN_003 /nfs/user/wangrenyu/data/thu_ev_xmx_1/thu_ev_wav/M005JAN_F011AVN_003.wav
F028NHJ_M012ANJ_001 /nfs/user/wangrenyu/data/thu_ev_xmx_1/thu_ev_wav/F028NHJ_M012ANJ_001.wav
F053NPK_M030VNH_004 /nfs/user/wangrenyu/data/thu_ev_xmx_1/thu_ev_wav/F053NPK_M030VNH_004.wav
F054KNI_F055NAV_001 /nfs/user/wangrenyu/data/thu_ev_xmx_1/thu_ev_wav/F054KNI_F055NAV_001.wav
M014HNA_F026NVA_002 /nfs/user/wangrenyu/data/thu_ev_xmx_1/thu_ev_wav/M014HNA_F026NVA_002.wav
F067HNA_M034NVA_001 /nfs/user/wangrenyu/data/thu_ev_xmx_1/thu_ev_wav/F067HNA_M034NVA_001.wav
F071NKP_F070ANJ_001 /nfs/user/wangrenyu/data/thu_ev_xmx_1/thu_ev_wav/F071NKP_F070ANJ_001.wav
F021JHN_F020AVN_003 /nfs/user/wangrenyu/data/thu_ev_xmx_1/thu_ev_wav/F021JHN_F020AVN_003.wav
F059KPN_F060VAN_001 /nfs/user/wangrenyu/data/thu_ev_xmx_1/thu_ev_wav/F059KPN_F060VAN_001.wav
M009HJN_M010VNJ_003 /nfs/user/wangrenyu/data/thu_ev_xmx_1/thu_ev_wav/M009HJN_M010VNJ_003.wav
F071KNI_F070NAV_006 /nfs/user/wangrenyu/data/thu_ev_xmx_1/thu_ev_wav/F071KNI_F070NAV_006.wav
F039HJN_F038VAN_002 /nfs/user/wangrenyu/data/thu_ev_xmx_1/thu_ev_wav/F039HJN_F038VAN_002.wav
F042KNA_F043NVA_001 /nfs/user/wangrenyu/data/thu_ev_xmx_1/thu_ev_wav/F042KNA_F043NVA_001.wav
F039HJN_F038VAN_003 /nfs/user/wangrenyu/data/thu_ev_xmx_1/thu_ev_wav/F039HJN_F038VAN_003.wav
M029PNI_M028ANV_005 /nfs/user/wangrenyu/data/thu_ev_xmx_1/thu_ev_wav/M029PNI_M028ANV_005.wav
M009HJN_M010VAN_003 /nfs/user/wangrenyu/data/thu_ev_xmx_1/thu_ev_wav/M009HJN_M010VAN_003.wav
M023PNG_F040VNA_004 /nfs/user/wangrenyu/data/thu_ev_xmx_1/thu_ev_wav/M023PNG_F040VNA_004.wav
F027JHN_M015AVN_006 /nfs/user/wangrenyu/data/thu_ev_xmx_1/thu_ev_wav/F027JHN_M015AVN_006.wav
M016HNV_F029NAV_006 /nfs/user/wangrenyu/data/thu_ev_xmx_1/thu_ev_wav/M016HNV_F029NAV_006.wav
M023HNA_F040NVA_007 /nfs/user/wangrenyu/data/thu_ev_xmx_1/thu_ev_wav/M023HNA_F040NVA_007.wav
F051NKP_F052ANJ_006 /nfs/user/wangrenyu/data/thu_ev_xmx_1/thu_ev_wav/F051NKP_F052ANJ_006.wav
M004JNA_F010VNA_002 /nfs/user/wangrenyu/data/thu_ev_xmx_1/thu_ev_wav/M004JNA_F010VNA_002.wav
F068NKP_F069ANJ_002 /nfs/user/wangrenyu/data/thu_ev_xmx_1/thu_ev_wav/F068NKP_F069ANJ_002.wav
F019JNA_F018VNA_001 /nfs/user/wangrenyu/data/thu_ev_xmx_1/thu_ev_wav/F019JNA_F018VNA_001.wav
F051NKP_F052ANJ_001 /nfs/user/wangrenyu/data/thu_ev_xmx_1/thu_ev_wav/F051NKP_F052ANJ_001.wav
F041KPN_M024VNJ_004 /nfs/user/wangrenyu/data/thu_ev_xmx_1/thu_ev_wav/F041KPN_M024VNJ_004.wav
M011JHN_F025AVN_002 /nfs/user/wangrenyu/data/thu_ev_xmx_1/thu_ev_wav/M011JHN_F025AVN_002.wav
F018JHN_F019ANH_003 /nfs/user/wangrenyu/data/thu_ev_xmx_1/thu_ev_wav/F018JHN_F019ANH_003.wav
F027JNV_M015ANV_001 /nfs/user/wangrenyu/data/thu_ev_xmx_1/thu_ev_wav/F027JNV_M015ANV_001.wav
F023NJH_M020VNH_004 /nfs/user/wangrenyu/data/thu_ev_xmx_1/thu_ev_wav/F023NJH_M020VNH_004.wav
M007JNV_M006ANV_002 /nfs/user/wangrenyu/data/thu_ev_xmx_1/thu_ev_wav/M007JNV_M006ANV_002.wav
F012NJH_F013VNH_002 /nfs/user/wangrenyu/data/thu_ev_xmx_1/thu_ev_wav/F012NJH_F013VNH_002.wav
M006JNV_M007ANV_003 /nfs/user/wangrenyu/data/thu_ev_xmx_1/thu_ev_wav/M006JNV_M007ANV_003.wav
F001HJN_F002VAN_002 /nfs/user/wangrenyu/data/thu_ev_xmx_1/thu_ev_wav/F001HJN_F002VAN_002.wav
F048KNI_F049NAV_006 /nfs/user/wangrenyu/data/thu_ev_xmx_1/thu_ev_wav/F048KNI_F049NAV_006.wav
F025JHN_M011AVN_003 /nfs/user/wangrenyu/data/thu_ev_xmx_1/thu_ev_wav/F025JHN_M011AVN_003.wav
F001JHN_F002ANH_002 /nfs/user/wangrenyu/data/thu_ev_xmx_1/thu_ev_wav/F001JHN_F002ANH_002.wav
F028ANJ_M012NHJ_004 /nfs/user/wangrenyu/data/thu_ev_xmx_1/thu_ev_wav/F028ANJ_M012NHJ_004.wav
M028PKN_M029ANH_001 /nfs/user/wangrenyu/data/thu_ev_xmx_1/thu_ev_wav/M028PKN_M029ANH_001.wav
F066PNI_F065ANV_006 /nfs/user/wangrenyu/data/thu_ev_xmx_1/thu_ev_wav/F066PNI_F065ANV_006.wav
F070KNI_F071NAV_001 /nfs/user/wangrenyu/data/thu_ev_xmx_1/thu_ev_wav/F070KNI_F071NAV_001.wav
M032PNG_M033VNA_001 /nfs/user/wangrenyu/data/thu_ev_xmx_1/thu_ev_wav/M032PNG_M033VNA_001.wav
F068PKN_F069ANH_002 /nfs/user/wangrenyu/data/thu_ev_xmx_1/thu_ev_wav/F068PKN_F069ANH_002.wav
M008JHN_F022AVN_001 /nfs/user/wangrenyu/data/thu_ev_xmx_1/thu_ev_wav/M008JHN_F022AVN_001.wav
F015JNV_F014VNA_002 /nfs/user/wangrenyu/data/thu_ev_xmx_1/thu_ev_wav/F015JNV_F014VNA_002.wav
M014HJN_F026VNJ_005 /nfs/user/wangrenyu/data/thu_ev_xmx_1/thu_ev_wav/M014HJN_F026VNJ_005.wav
F039HJN_F038VAN_004 /nfs/user/wangrenyu/data/thu_ev_xmx_1/thu_ev_wav/F039HJN_F038VAN_004.wav
F063NPK_F064VNH_001 /nfs/user/wangrenyu/data/thu_ev_xmx_1/thu_ev_wav/F063NPK_F064VNH_001.wav
M024HNA_F041NVA_002 /nfs/user/wangrenyu/data/thu_ev_xmx_1/thu_ev_wav/M024HNA_F041NVA_002.wav
F032PKN_F033ANH_002 /nfs/user/wangrenyu/data/thu_ev_xmx_1/thu_ev_wav/F032PKN_F033ANH_002.wav
F053NPK_M030VNH_007 /nfs/user/wangrenyu/data/thu_ev_xmx_1/thu_ev_wav/F053NPK_M030VNH_007.wav
M020JHN_F023ANH_006 /nfs/user/wangrenyu/data/thu_ev_xmx_1/thu_ev_wav/M020JHN_F023ANH_006.wav
F047KPN_F046VAN_001 /nfs/user/wangrenyu/data/thu_ev_xmx_1/thu_ev_wav/F047KPN_F046VAN_001.wav
F067PNI_M034ANV_004 /nfs/user/wangrenyu/data/thu_ev_xmx_1/thu_ev_wav/F067PNI_M034ANV_004.wav
F040PNG_M023VNA_006 /nfs/user/wangrenyu/data/thu_ev_xmx_1/thu_ev_wav/F040PNG_M023VNA_006.wav
M013NJH_M018VNH_006 /nfs/user/wangrenyu/data/thu_ev_xmx_1/thu_ev_wav/M013NJH_M018VNH_006.wav
M016HNV_F029NAV_003 /nfs/user/wangrenyu/data/thu_ev_xmx_1/thu_ev_wav/M016HNV_F029NAV_003.wav
F030PKN_F031AVN_002 /nfs/user/wangrenyu/data/thu_ev_xmx_1/thu_ev_wav/F030PKN_F031AVN_002.wav
M033PNI_M032ANV_005 /nfs/user/wangrenyu/data/thu_ev_xmx_1/thu_ev_wav/M033PNI_M032ANV_005.wav
F020JNA_F021VNA_002 /nfs/user/wangrenyu/data/thu_ev_xmx_1/thu_ev_wav/F020JNA_F021VNA_002.wav
F012HNA_F013NVA_003 /nfs/user/wangrenyu/data/thu_ev_xmx_1/thu_ev_wav/F012HNA_F013NVA_003.wav
F069NKP_F068ANJ_006 /nfs/user/wangrenyu/data/thu_ev_xmx_1/thu_ev_wav/F069NKP_F068ANJ_006.wav
M025KNA_F050NVA_004 /nfs/user/wangrenyu/data/thu_ev_xmx_1/thu_ev_wav/M025KNA_F050NVA_004.wav
F067PNI_M034ANV_003 /nfs/user/wangrenyu/data/thu_ev_xmx_1/thu_ev_wav/F067PNI_M034ANV_003.wav
F056PKN_M031AVN_002 /nfs/user/wangrenyu/data/thu_ev_xmx_1/thu_ev_wav/F056PKN_M031AVN_002.wav
F016NJH_F017VNH_002 /nfs/user/wangrenyu/data/thu_ev_xmx_1/thu_ev_wav/F016NJH_F017VNH_002.wav
F023JHN_M020ANH_003 /nfs/user/wangrenyu/data/thu_ev_xmx_1/thu_ev_wav/F023JHN_M020ANH_003.wav
F059HNA_F060NVA_002 /nfs/user/wangrenyu/data/thu_ev_xmx_1/thu_ev_wav/F059HNA_F060NVA_002.wav
F045NKP_F044ANJ_005 /nfs/user/wangrenyu/data/thu_ev_xmx_1/thu_ev_wav/F045NKP_F044ANJ_005.wav
F035HNA_F034NVA_006 /nfs/user/wangrenyu/data/thu_ev_xmx_1/thu_ev_wav/F035HNA_F034NVA_006.wav
F045NKP_F044ANJ_002 /nfs/user/wangrenyu/data/thu_ev_xmx_1/thu_ev_wav/F045NKP_F044ANJ_002.wav
F051NKP_F052ANJ_005 /nfs/user/wangrenyu/data/thu_ev_xmx_1/thu_ev_wav/F051NKP_F052ANJ_005.wav
F059HNA_F060NVA_004 /nfs/user/wangrenyu/data/thu_ev_xmx_1/thu_ev_wav/F059HNA_F060NVA_004.wav
M013JHN_M018ANH_005 /nfs/user/wangrenyu/data/thu_ev_xmx_1/thu_ev_wav/M013JHN_M018ANH_005.wav
F040PNG_M023VNA_005 /nfs/user/wangrenyu/data/thu_ev_xmx_1/thu_ev_wav/F040PNG_M023VNA_005.wav
M015JHN_F027AVN_003 /nfs/user/wangrenyu/data/thu_ev_xmx_1/thu_ev_wav/M015JHN_F027AVN_003.wav
F060KPN_F059VAN_004 /nfs/user/wangrenyu/data/thu_ev_xmx_1/thu_ev_wav/F060KPN_F059VAN_004.wav
F069PKN_F068ANH_001 /nfs/user/wangrenyu/data/thu_ev_xmx_1/thu_ev_wav/F069PKN_F068ANH_001.wav
F050PKN_M025ANH_002 /nfs/user/wangrenyu/data/thu_ev_xmx_1/thu_ev_wav/F050PKN_M025ANH_002.wav
F011NJH_M005VNH_001 /nfs/user/wangrenyu/data/thu_ev_xmx_1/thu_ev_wav/F011NJH_M005VNH_001.wav
F006HNA_F007NVA_002 /nfs/user/wangrenyu/data/thu_ev_xmx_1/thu_ev_wav/F006HNA_F007NVA_002.wav
F066PNI_F065ANV_003 /nfs/user/wangrenyu/data/thu_ev_xmx_1/thu_ev_wav/F066PNI_F065ANV_003.wav
M027AVN_M026PKN_004 /nfs/user/wangrenyu/data/thu_ev_xmx_1/thu_ev_wav/M027AVN_M026PKN_004.wav
F060KPN_F059VAN_001 /nfs/user/wangrenyu/data/thu_ev_xmx_1/thu_ev_wav/F060KPN_F059VAN_001.wav
F044NKP_F045ANJ_004 /nfs/user/wangrenyu/data/thu_ev_xmx_1/thu_ev_wav/F044NKP_F045ANJ_004.wav
F037KNI_F036NAV_002 /nfs/user/wangrenyu/data/thu_ev_xmx_1/thu_ev_wav/F037KNI_F036NAV_002.wav
F070NKP_F071ANJ_004 /nfs/user/wangrenyu/data/thu_ev_xmx_1/thu_ev_wav/F070NKP_F071ANJ_004.wav
F011NJH_M005VNH_004 /nfs/user/wangrenyu/data/thu_ev_xmx_1/thu_ev_wav/F011NJH_M005VNH_004.wav
F024HJN_M019VAN_005 /nfs/user/wangrenyu/data/thu_ev_xmx_1/thu_ev_wav/F024HJN_M019VAN_005.wav
F035KPN_F034VAN_004 /nfs/user/wangrenyu/data/thu_ev_xmx_1/thu_ev_wav/F035KPN_F034VAN_004.wav
F040HNA_M023NVA_003 /nfs/user/wangrenyu/data/thu_ev_xmx_1/thu_ev_wav/F040HNA_M023NVA_003.wav
F018JHN_F019ANH_002 /nfs/user/wangrenyu/data/thu_ev_xmx_1/thu_ev_wav/F018JHN_F019ANH_002.wav
F068NKP_F069ANJ_005 /nfs/user/wangrenyu/data/thu_ev_xmx_1/thu_ev_wav/F068NKP_F069ANJ_005.wav
F022NHJ_M008ANJ_001 /nfs/user/wangrenyu/data/thu_ev_xmx_1/thu_ev_wav/F022NHJ_M008ANJ_001.wav
M026AVN_M027PKN_005 /nfs/user/wangrenyu/data/thu_ev_xmx_1/thu_ev_wav/M026AVN_M027PKN_005.wav
F063NPK_F064VNH_002 /nfs/user/wangrenyu/data/thu_ev_xmx_1/thu_ev_wav/F063NPK_F064VNH_002.wav
F013NJH_F012VNH_002 /nfs/user/wangrenyu/data/thu_ev_xmx_1/thu_ev_wav/F013NJH_F012VNH_002.wav
M006JNV_M007ANV_002 /nfs/user/wangrenyu/data/thu_ev_xmx_1/thu_ev_wav/M006JNV_M007ANV_002.wav
M025PKN_F050ANH_003 /nfs/user/wangrenyu/data/thu_ev_xmx_1/thu_ev_wav/M025PKN_F050ANH_003.wav
F025JNV_M011ANV_005 /nfs/user/wangrenyu/data/thu_ev_xmx_1/thu_ev_wav/F025JNV_M011ANV_005.wav
F043NKP_F042ANJ_002 /nfs/user/wangrenyu/data/thu_ev_xmx_1/thu_ev_wav/F043NKP_F042ANJ_002.wav
F021JNA_F020VNA_001 /nfs/user/wangrenyu/data/thu_ev_xmx_1/thu_ev_wav/F021JNA_F020VNA_001.wav
M007HNA_M006NVA_002 /nfs/user/wangrenyu/data/thu_ev_xmx_1/thu_ev_wav/M007HNA_M006NVA_002.wav
F040PNG_M023VNA_003 /nfs/user/wangrenyu/data/thu_ev_xmx_1/thu_ev_wav/F040PNG_M023VNA_003.wav
M019HNV_F024NAV_002 /nfs/user/wangrenyu/data/thu_ev_xmx_1/thu_ev_wav/M019HNV_F024NAV_002.wav
F031PKN_F030ANV_006 /nfs/user/wangrenyu/data/thu_ev_xmx_1/thu_ev_wav/F031PKN_F030ANV_006.wav
M024HNA_F041NVA_003 /nfs/user/wangrenyu/data/thu_ev_xmx_1/thu_ev_wav/M024HNA_F041NVA_003.wav
M026KPN_M027VNJ_003 /nfs/user/wangrenyu/data/thu_ev_xmx_1/thu_ev_wav/M026KPN_M027VNJ_003.wav
F028ANJ_M012NHJ_002 /nfs/user/wangrenyu/data/thu_ev_xmx_1/thu_ev_wav/F028ANJ_M012NHJ_002.wav
F065PKN_F066ANH_003 /nfs/user/wangrenyu/data/thu_ev_xmx_1/thu_ev_wav/F065PKN_F066ANH_003.wav
F040HNA_M023NVA_002 /nfs/user/wangrenyu/data/thu_ev_xmx_1/thu_ev_wav/F040HNA_M023NVA_002.wav
F045NPK_F044VNH_001 /nfs/user/wangrenyu/data/thu_ev_xmx_1/thu_ev_wav/F045NPK_F044VNH_001.wav
F010JNA_M004VNA_002 /nfs/user/wangrenyu/data/thu_ev_xmx_1/thu_ev_wav/F010JNA_M004VNA_002.wav
F048KNI_F049NAV_003 /nfs/user/wangrenyu/data/thu_ev_xmx_1/thu_ev_wav/F048KNI_F049NAV_003.wav
F052HNA_F051NVA_005 /nfs/user/wangrenyu/data/thu_ev_xmx_1/thu_ev_wav/F052HNA_F051NVA_005.wav
F028JNA_M012VNA_006 /nfs/user/wangrenyu/data/thu_ev_xmx_1/thu_ev_wav/F028JNA_M012VNA_006.wav
F054KNI_F055NAV_007 /nfs/user/wangrenyu/data/thu_ev_xmx_1/thu_ev_wav/F054KNI_F055NAV_007.wav
M006HNA_M007NVA_003 /nfs/user/wangrenyu/data/thu_ev_xmx_1/thu_ev_wav/M006HNA_M007NVA_003.wav
M008NHJ_F022ANJ_002 /nfs/user/wangrenyu/data/thu_ev_xmx_1/thu_ev_wav/M008NHJ_F022ANJ_002.wav
M023HNA_F040NVA_001 /nfs/user/wangrenyu/data/thu_ev_xmx_1/thu_ev_wav/M023HNA_F040NVA_001.wav
F034KPN_F035VAN_003 /nfs/user/wangrenyu/data/thu_ev_xmx_1/thu_ev_wav/F034KPN_F035VAN_003.wav
F052NKP_F051ANJ_006 /nfs/user/wangrenyu/data/thu_ev_xmx_1/thu_ev_wav/F052NKP_F051ANJ_006.wav
F060HNA_F059NVA_003 /nfs/user/wangrenyu/data/thu_ev_xmx_1/thu_ev_wav/F060HNA_F059NVA_003.wav
F044NKP_F045ANJ_003 /nfs/user/wangrenyu/data/thu_ev_xmx_1/thu_ev_wav/F044NKP_F045ANJ_003.wav
F047KPN_F046VAN_005 /nfs/user/wangrenyu/data/thu_ev_xmx_1/thu_ev_wav/F047KPN_F046VAN_005.wav
F036KNI_F037NAV_002 /nfs/user/wangrenyu/data/thu_ev_xmx_1/thu_ev_wav/F036KNI_F037NAV_002.wav
M034HNA_F067NVA_007 /nfs/user/wangrenyu/data/thu_ev_xmx_1/thu_ev_wav/M034HNA_F067NVA_007.wav
F053NKP_M030ANJ_002 /nfs/user/wangrenyu/data/thu_ev_xmx_1/thu_ev_wav/F053NKP_M030ANJ_002.wav
M033PNI_M032ANV_006 /nfs/user/wangrenyu/data/thu_ev_xmx_1/thu_ev_wav/M033PNI_M032ANV_006.wav
F022JHN_M008AVN_003 /nfs/user/wangrenyu/data/thu_ev_xmx_1/thu_ev_wav/F022JHN_M008AVN_003.wav
M034PNI_F067ANV_005 /nfs/user/wangrenyu/data/thu_ev_xmx_1/thu_ev_wav/M034PNI_F067ANV_005.wav
M022KNI_M021NAV_004 /nfs/user/wangrenyu/data/thu_ev_xmx_1/thu_ev_wav/M022KNI_M021NAV_004.wav
M032PNI_M033ANV_001 /nfs/user/wangrenyu/data/thu_ev_xmx_1/thu_ev_wav/M032PNI_M033ANV_001.wav
F034HNA_F035NVA_004 /nfs/user/wangrenyu/data/thu_ev_xmx_1/thu_ev_wav/F034HNA_F035NVA_004.wav
M023PNG_F040VNA_002 /nfs/user/wangrenyu/data/thu_ev_xmx_1/thu_ev_wav/M023PNG_F040VNA_002.wav
M028PKN_M029ANH_004 /nfs/user/wangrenyu/data/thu_ev_xmx_1/thu_ev_wav/M028PKN_M029ANH_004.wav
M024KPN_F041VNJ_006 /nfs/user/wangrenyu/data/thu_ev_xmx_1/thu_ev_wav/M024KPN_F041VNJ_006.wav
F056PKN_M031ANH_006 /nfs/user/wangrenyu/data/thu_ev_xmx_1/thu_ev_wav/F056PKN_M031ANH_006.wav
F028ANJ_M012NHJ_003 /nfs/user/wangrenyu/data/thu_ev_xmx_1/thu_ev_wav/F028ANJ_M012NHJ_003.wav
F044NPK_F045VNH_002 /nfs/user/wangrenyu/data/thu_ev_xmx_1/thu_ev_wav/F044NPK_F045VNH_002.wav
F023JHN_M020ANH_005 /nfs/user/wangrenyu/data/thu_ev_xmx_1/thu_ev_wav/F023JHN_M020ANH_005.wav
F032PKN_F033ANH_001 /nfs/user/wangrenyu/data/thu_ev_xmx_1/thu_ev_wav/F032PKN_F033ANH_001.wav
M004HJN_F010VNH_001 /nfs/user/wangrenyu/data/thu_ev_xmx_1/thu_ev_wav/M004HJN_F010VNH_001.wav
F051HNA_F052NVA_005 /nfs/user/wangrenyu/data/thu_ev_xmx_1/thu_ev_wav/F051HNA_F052NVA_005.wav
F069NKP_F068ANJ_004 /nfs/user/wangrenyu/data/thu_ev_xmx_1/thu_ev_wav/F069NKP_F068ANJ_004.wav
M030NKP_F053ANJ_003 /nfs/user/wangrenyu/data/thu_ev_xmx_1/thu_ev_wav/M030NKP_F053ANJ_003.wav
F007HNA_F006NVA_002 /nfs/user/wangrenyu/data/thu_ev_xmx_1/thu_ev_wav/F007HNA_F006NVA_002.wav
M010HJN_M009VAN_002 /nfs/user/wangrenyu/data/thu_ev_xmx_1/thu_ev_wav/M010HJN_M009VAN_002.wav
M005JAN_F011AVN_001 /nfs/user/wangrenyu/data/thu_ev_xmx_1/thu_ev_wav/M005JAN_F011AVN_001.wav
F013HNA_F012NVA_003 /nfs/user/wangrenyu/data/thu_ev_xmx_1/thu_ev_wav/F013HNA_F012NVA_003.wav
M011JHN_F025AVN_006 /nfs/user/wangrenyu/data/thu_ev_xmx_1/thu_ev_wav/M011JHN_F025AVN_006.wav
F041NVA_M024HNA_004 /nfs/user/wangrenyu/data/thu_ev_xmx_1/thu_ev_wav/F041NVA_M024HNA_004.wav
F039HJN_F038VAN_005 /nfs/user/wangrenyu/data/thu_ev_xmx_1/thu_ev_wav/F039HJN_F038VAN_005.wav
M008NHJ_F022ANJ_003 /nfs/user/wangrenyu/data/thu_ev_xmx_1/thu_ev_wav/M008NHJ_F022ANJ_003.wav
F007NHJ_F006ANJ_001 /nfs/user/wangrenyu/data/thu_ev_xmx_1/thu_ev_wav/F007NHJ_F006ANJ_001.wav
F061KNA_F062NVA_002 /nfs/user/wangrenyu/data/thu_ev_xmx_1/thu_ev_wav/F061KNA_F062NVA_002.wav
F003JHN_M001VAN_002 /nfs/user/wangrenyu/data/thu_ev_xmx_1/thu_ev_wav/F003JHN_M001VAN_002.wav
M014HJN_F026VNJ_002 /nfs/user/wangrenyu/data/thu_ev_xmx_1/thu_ev_wav/M014HJN_F026VNJ_002.wav
F025JNV_M011ANV_001 /nfs/user/wangrenyu/data/thu_ev_xmx_1/thu_ev_wav/F025JNV_M011ANV_001.wav
M019HNV_F024NAV_003 /nfs/user/wangrenyu/data/thu_ev_xmx_1/thu_ev_wav/M019HNV_F024NAV_003.wav
F026HJN_M014VNJ_003 /nfs/user/wangrenyu/data/thu_ev_xmx_1/thu_ev_wav/F026HJN_M014VNJ_003.wav
F024HJN_M019VAN_002 /nfs/user/wangrenyu/data/thu_ev_xmx_1/thu_ev_wav/F024HJN_M019VAN_002.wav
M032PNG_M033VNA_005 /nfs/user/wangrenyu/data/thu_ev_xmx_1/thu_ev_wav/M032PNG_M033VNA_005.wav
F032PKN_F033ANH_003 /nfs/user/wangrenyu/data/thu_ev_xmx_1/thu_ev_wav/F032PKN_F033ANH_003.wav
F017JHN_F016ANH_001 /nfs/user/wangrenyu/data/thu_ev_xmx_1/thu_ev_wav/F017JHN_F016ANH_001.wav
F071NKP_F070ANJ_005 /nfs/user/wangrenyu/data/thu_ev_xmx_1/thu_ev_wav/F071NKP_F070ANJ_005.wav
F065PKN_F066ANH_002 /nfs/user/wangrenyu/data/thu_ev_xmx_1/thu_ev_wav/F065PKN_F066ANH_002.wav
M013NJH_M018VNH_002 /nfs/user/wangrenyu/data/thu_ev_xmx_1/thu_ev_wav/M013NJH_M018VNH_002.wav
F066PNI_F065ANV_004 /nfs/user/wangrenyu/data/thu_ev_xmx_1/thu_ev_wav/F066PNI_F065ANV_004.wav
F053NPK_M030VNH_002 /nfs/user/wangrenyu/data/thu_ev_xmx_1/thu_ev_wav/F053NPK_M030VNH_002.wav
F036KNI_F037NAV_003 /nfs/user/wangrenyu/data/thu_ev_xmx_1/thu_ev_wav/F036KNI_F037NAV_003.wav
F042KNA_F043NVA_006 /nfs/user/wangrenyu/data/thu_ev_xmx_1/thu_ev_wav/F042KNA_F043NVA_006.wav
F031PKN_F030ANV_003 /nfs/user/wangrenyu/data/thu_ev_xmx_1/thu_ev_wav/F031PKN_F030ANV_003.wav
M020NJH_F023VNH_001 /nfs/user/wangrenyu/data/thu_ev_xmx_1/thu_ev_wav/M020NJH_F023VNH_001.wav
F046JHN_M047VAN_003 /nfs/user/wangrenyu/data/thu_ev_xmx_1/thu_ev_wav/F046JHN_M047VAN_003.wav
F049JNV_F048ANV_007 /nfs/user/wangrenyu/data/thu_ev_xmx_1/thu_ev_wav/F049JNV_F048ANV_007.wav
F054KNI_F055NAV_002 /nfs/user/wangrenyu/data/thu_ev_xmx_1/thu_ev_wav/F054KNI_F055NAV_002.wav
F041KPN_M024VNJ_001 /nfs/user/wangrenyu/data/thu_ev_xmx_1/thu_ev_wav/F041KPN_M024VNJ_001.wav
F036KNI_F037NAV_005 /nfs/user/wangrenyu/data/thu_ev_xmx_1/thu_ev_wav/F036KNI_F037NAV_005.wav
F050PKN_M025ANH_006 /nfs/user/wangrenyu/data/thu_ev_xmx_1/thu_ev_wav/F050PKN_M025ANH_006.wav
F032PKN_F033ANH_004 /nfs/user/wangrenyu/data/thu_ev_xmx_1/thu_ev_wav/F032PKN_F033ANH_004.wav
F030PNI_F031ANV_002 /nfs/user/wangrenyu/data/thu_ev_xmx_1/thu_ev_wav/F030PNI_F031ANV_002.wav
F002HJN_F001VAN_002 /nfs/user/wangrenyu/data/thu_ev_xmx_1/thu_ev_wav/F002HJN_F001VAN_002.wav
M011JNV_F025ANV_002 /nfs/user/wangrenyu/data/thu_ev_xmx_1/thu_ev_wav/M011JNV_F025ANV_002.wav
M020NJH_F023VNH_005 /nfs/user/wangrenyu/data/thu_ev_xmx_1/thu_ev_wav/M020NJH_F023VNH_005.wav
M029PKN_M028ANH_002 /nfs/user/wangrenyu/data/thu_ev_xmx_1/thu_ev_wav/M029PKN_M028ANH_002.wav
M025KNA_F050NVA_006 /nfs/user/wangrenyu/data/thu_ev_xmx_1/thu_ev_wav/M025KNA_F050NVA_006.wav
F051NKP_F052ANJ_003 /nfs/user/wangrenyu/data/thu_ev_xmx_1/thu_ev_wav/F051NKP_F052ANJ_003.wav
M019HNV_F024NAV_006 /nfs/user/wangrenyu/data/thu_ev_xmx_1/thu_ev_wav/M019HNV_F024NAV_006.wav
F029HNV_M016NAV_001 /nfs/user/wangrenyu/data/thu_ev_xmx_1/thu_ev_wav/F029HNV_M016NAV_001.wav
M007JNV_M006ANV_001 /nfs/user/wangrenyu/data/thu_ev_xmx_1/thu_ev_wav/M007JNV_M006ANV_001.wav
M005NJH_F011VNH_001 /nfs/user/wangrenyu/data/thu_ev_xmx_1/thu_ev_wav/M005NJH_F011VNH_001.wav
F014JNA_F015VNA_001 /nfs/user/wangrenyu/data/thu_ev_xmx_1/thu_ev_wav/F014JNA_F015VNA_001.wav
F049JNV_F048ANV_001 /nfs/user/wangrenyu/data/thu_ev_xmx_1/thu_ev_wav/F049JNV_F048ANV_001.wav
F068PKN_F069ANH_004 /nfs/user/wangrenyu/data/thu_ev_xmx_1/thu_ev_wav/F068PKN_F069ANH_004.wav
F013HNA_F012NVA_001 /nfs/user/wangrenyu/data/thu_ev_xmx_1/thu_ev_wav/F013HNA_F012NVA_001.wav
M026KPN_M027VNJ_002 /nfs/user/wangrenyu/data/thu_ev_xmx_1/thu_ev_wav/M026KPN_M027VNJ_002.wav
M010HJN_M009VNJ_001 /nfs/user/wangrenyu/data/thu_ev_xmx_1/thu_ev_wav/M010HJN_M009VNJ_001.wav
F042NKP_F043ANJ_002 /nfs/user/wangrenyu/data/thu_ev_xmx_1/thu_ev_wav/F042NKP_F043ANJ_002.wav
F057KPN_F058VNJ_003 /nfs/user/wangrenyu/data/thu_ev_xmx_1/thu_ev_wav/F057KPN_F058VNJ_003.wav
M026AVN_M027PKN_001 /nfs/user/wangrenyu/data/thu_ev_xmx_1/thu_ev_wav/M026AVN_M027PKN_001.wav
F026HJN_M014VNJ_002 /nfs/user/wangrenyu/data/thu_ev_xmx_1/thu_ev_wav/F026HJN_M014VNJ_002.wav
M033PNG_M032VNA_006 /nfs/user/wangrenyu/data/thu_ev_xmx_1/thu_ev_wav/M033PNG_M032VNA_006.wav
M028PNI_M029ANV_003 /nfs/user/wangrenyu/data/thu_ev_xmx_1/thu_ev_wav/M028PNI_M029ANV_003.wav
F023NJH_M020VNH_003 /nfs/user/wangrenyu/data/thu_ev_xmx_1/thu_ev_wav/F023NJH_M020VNH_003.wav
M020NJH_F023VNH_002 /nfs/user/wangrenyu/data/thu_ev_xmx_1/thu_ev_wav/M020NJH_F023VNH_002.wav
M015JNV_F027ANV_004 /nfs/user/wangrenyu/data/thu_ev_xmx_1/thu_ev_wav/M015JNV_F027ANV_004.wav
F037PNG_F036VNA_005 /nfs/user/wangrenyu/data/thu_ev_xmx_1/thu_ev_wav/F037PNG_F036VNA_005.wav
F037PNG_F036VNA_006 /nfs/user/wangrenyu/data/thu_ev_xmx_1/thu_ev_wav/F037PNG_F036VNA_006.wav
F016NJH_F017VNH_001 /nfs/user/wangrenyu/data/thu_ev_xmx_1/thu_ev_wav/F016NJH_F017VNH_001.wav
F029HJN_M016VAN_002 /nfs/user/wangrenyu/data/thu_ev_xmx_1/thu_ev_wav/F029HJN_M016VAN_002.wav
F038HJN_F039VAN_001 /nfs/user/wangrenyu/data/thu_ev_xmx_1/thu_ev_wav/F038HJN_F039VAN_001.wav
F038HNA_F039NVA_002 /nfs/user/wangrenyu/data/thu_ev_xmx_1/thu_ev_wav/F038HNA_F039NVA_002.wav
M014HJN_F026VNJ_003 /nfs/user/wangrenyu/data/thu_ev_xmx_1/thu_ev_wav/M014HJN_F026VNJ_003.wav
F040PNG_M023VNA_002 /nfs/user/wangrenyu/data/thu_ev_xmx_1/thu_ev_wav/F040PNG_M023VNA_002.wav
M026KPN_M027VNJ_006 /nfs/user/wangrenyu/data/thu_ev_xmx_1/thu_ev_wav/M026KPN_M027VNJ_006.wav
M020JHN_F023ANH_002 /nfs/user/wangrenyu/data/thu_ev_xmx_1/thu_ev_wav/M020JHN_F023ANH_002.wav
F047KPN_F046VAN_006 /nfs/user/wangrenyu/data/thu_ev_xmx_1/thu_ev_wav/F047KPN_F046VAN_006.wav
F044NPK_F045VNH_001 /nfs/user/wangrenyu/data/thu_ev_xmx_1/thu_ev_wav/F044NPK_F045VNH_001.wav
F036KNI_F037NAV_006 /nfs/user/wangrenyu/data/thu_ev_xmx_1/thu_ev_wav/F036KNI_F037NAV_006.wav
F028VNA_M012JNA_002 /nfs/user/wangrenyu/data/thu_ev_xmx_1/thu_ev_wav/F028VNA_M012JNA_002.wav
F069PKN_F068ANH_003 /nfs/user/wangrenyu/data/thu_ev_xmx_1/thu_ev_wav/F069PKN_F068ANH_003.wav
F002JHN_F001ANH_001 /nfs/user/wangrenyu/data/thu_ev_xmx_1/thu_ev_wav/F002JHN_F001ANH_001.wav
F056PKN_M031AVN_001 /nfs/user/wangrenyu/data/thu_ev_xmx_1/thu_ev_wav/F056PKN_M031AVN_001.wav
F004HNA_F005NVA_001 /nfs/user/wangrenyu/data/thu_ev_xmx_1/thu_ev_wav/F004HNA_F005NVA_001.wav
F039HJN_F038VAN_001 /nfs/user/wangrenyu/data/thu_ev_xmx_1/thu_ev_wav/F039HJN_F038VAN_001.wav
F020JNA_F021VNA_003 /nfs/user/wangrenyu/data/thu_ev_xmx_1/thu_ev_wav/F020JNA_F021VNA_003.wav
F038HJN_F039VAN_004 /nfs/user/wangrenyu/data/thu_ev_xmx_1/thu_ev_wav/F038HJN_F039VAN_004.wav
M021KNI_M022NAV_003 /nfs/user/wangrenyu/data/thu_ev_xmx_1/thu_ev_wav/M021KNI_M022NAV_003.wav
M034HNA_F067NVA_003 /nfs/user/wangrenyu/data/thu_ev_xmx_1/thu_ev_wav/M034HNA_F067NVA_003.wav
F044NPK_F045VNH_004 /nfs/user/wangrenyu/data/thu_ev_xmx_1/thu_ev_wav/F044NPK_F045VNH_004.wav
F024HJN_M019VAN_006 /nfs/user/wangrenyu/data/thu_ev_xmx_1/thu_ev_wav/F024HJN_M019VAN_006.wav
M013JHN_M018ANH_001 /nfs/user/wangrenyu/data/thu_ev_xmx_1/thu_ev_wav/M013JHN_M018ANH_001.wav
F062HNA_F061NVA_001 /nfs/user/wangrenyu/data/thu_ev_xmx_1/thu_ev_wav/F062HNA_F061NVA_001.wav
F058KPN_F057VAN_002 /nfs/user/wangrenyu/data/thu_ev_xmx_1/thu_ev_wav/F058KPN_F057VAN_002.wav
F042NKP_F043ANJ_006 /nfs/user/wangrenyu/data/thu_ev_xmx_1/thu_ev_wav/F042NKP_F043ANJ_006.wav
M031PKN_F056ANH_003 /nfs/user/wangrenyu/data/thu_ev_xmx_1/thu_ev_wav/M031PKN_F056ANH_003.wav
M017JNA_M018VNA_004 /nfs/user/wangrenyu/data/thu_ev_xmx_1/thu_ev_wav/M017JNA_M018VNA_004.wav
F055KNI_F054NAV_005 /nfs/user/wangrenyu/data/thu_ev_xmx_1/thu_ev_wav/F055KNI_F054NAV_005.wav
M002JHN_F008ANH_001 /nfs/user/wangrenyu/data/thu_ev_xmx_1/thu_ev_wav/M002JHN_F008ANH_001.wav
F025JHN_M011AVN_006 /nfs/user/wangrenyu/data/thu_ev_xmx_1/thu_ev_wav/F025JHN_M011AVN_006.wav
M011JHN_F025AVN_005 /nfs/user/wangrenyu/data/thu_ev_xmx_1/thu_ev_wav/M011JHN_F025AVN_005.wav
M025PKN_F050ANH_004 /nfs/user/wangrenyu/data/thu_ev_xmx_1/thu_ev_wav/M025PKN_F050ANH_004.wav
F013NJH_F012VNH_003 /nfs/user/wangrenyu/data/thu_ev_xmx_1/thu_ev_wav/F013NJH_F012VNH_003.wav
M033PNI_M032ANV_001 /nfs/user/wangrenyu/data/thu_ev_xmx_1/thu_ev_wav/M033PNI_M032ANV_001.wav
M027KPN_M026VNJ_004 /nfs/user/wangrenyu/data/thu_ev_xmx_1/thu_ev_wav/M027KPN_M026VNJ_004.wav
M017NHJ_M018ANJ_002 /nfs/user/wangrenyu/data/thu_ev_xmx_1/thu_ev_wav/M017NHJ_M018ANJ_002.wav
F042NKP_F043ANJ_001 /nfs/user/wangrenyu/data/thu_ev_xmx_1/thu_ev_wav/F042NKP_F043ANJ_001.wav
F046JHN_M047VAN_004 /nfs/user/wangrenyu/data/thu_ev_xmx_1/thu_ev_wav/F046JHN_M047VAN_004.wav
F054PNI_F055ANV_001 /nfs/user/wangrenyu/data/thu_ev_xmx_1/thu_ev_wav/F054PNI_F055ANV_001.wav
M021PKN_M022AVN_001 /nfs/user/wangrenyu/data/thu_ev_xmx_1/thu_ev_wav/M021PKN_M022AVN_001.wav
F045NPK_F044VNH_005 /nfs/user/wangrenyu/data/thu_ev_xmx_1/thu_ev_wav/F045NPK_F044VNH_005.wav
F043KNA_F042NVA_005 /nfs/user/wangrenyu/data/thu_ev_xmx_1/thu_ev_wav/F043KNA_F042NVA_005.wav
F008JHN_M002ANH_001 /nfs/user/wangrenyu/data/thu_ev_xmx_1/thu_ev_wav/F008JHN_M002ANH_001.wav
F054KNI_F055NAV_004 /nfs/user/wangrenyu/data/thu_ev_xmx_1/thu_ev_wav/F054KNI_F055NAV_004.wav
F026HJN_M014VNJ_001 /nfs/user/wangrenyu/data/thu_ev_xmx_1/thu_ev_wav/F026HJN_M014VNJ_001.wav
M018JHN_M013ANH_005 /nfs/user/wangrenyu/data/thu_ev_xmx_1/thu_ev_wav/M018JHN_M013ANH_005.wav
F065PNI_F066ANV_001 /nfs/user/wangrenyu/data/thu_ev_xmx_1/thu_ev_wav/F065PNI_F066ANV_001.wav
M027KPN_M026VNJ_001 /nfs/user/wangrenyu/data/thu_ev_xmx_1/thu_ev_wav/M027KPN_M026VNJ_001.wav
F033PKN_F032ANH_003 /nfs/user/wangrenyu/data/thu_ev_xmx_1/thu_ev_wav/F033PKN_F032ANH_003.wav
M019HNV_F024NAV_001 /nfs/user/wangrenyu/data/thu_ev_xmx_1/thu_ev_wav/M019HNV_F024NAV_001.wav
F031PNI_F030ANV_001 /nfs/user/wangrenyu/data/thu_ev_xmx_1/thu_ev_wav/F031PNI_F030ANV_001.wav
F041NVA_M024HNA_006 /nfs/user/wangrenyu/data/thu_ev_xmx_1/thu_ev_wav/F041NVA_M024HNA_006.wav
F071KNI_F070NAV_003 /nfs/user/wangrenyu/data/thu_ev_xmx_1/thu_ev_wav/F071KNI_F070NAV_003.wav
F027JHN_M015AVN_005 /nfs/user/wangrenyu/data/thu_ev_xmx_1/thu_ev_wav/F027JHN_M015AVN_005.wav
M019HJN_F024VAN_006 /nfs/user/wangrenyu/data/thu_ev_xmx_1/thu_ev_wav/M019HJN_F024VAN_006.wav
F048KNI_F049NAV_004 /nfs/user/wangrenyu/data/thu_ev_xmx_1/thu_ev_wav/F048KNI_F049NAV_004.wav
F034HNA_F035NVA_005 /nfs/user/wangrenyu/data/thu_ev_xmx_1/thu_ev_wav/F034HNA_F035NVA_005.wav
F069PKN_F068ANH_005 /nfs/user/wangrenyu/data/thu_ev_xmx_1/thu_ev_wav/F069PKN_F068ANH_005.wav
F062KNA_F061NVA_001 /nfs/user/wangrenyu/data/thu_ev_xmx_1/thu_ev_wav/F062KNA_F061NVA_001.wav
F051HNA_F052NVA_001 /nfs/user/wangrenyu/data/thu_ev_xmx_1/thu_ev_wav/F051HNA_F052NVA_001.wav
F045NKP_F044ANJ_006 /nfs/user/wangrenyu/data/thu_ev_xmx_1/thu_ev_wav/F045NKP_F044ANJ_006.wav
M020JHN_F023ANH_005 /nfs/user/wangrenyu/data/thu_ev_xmx_1/thu_ev_wav/M020JHN_F023ANH_005.wav
M014HNA_F026NVA_006 /nfs/user/wangrenyu/data/thu_ev_xmx_1/thu_ev_wav/M014HNA_F026NVA_006.wav
F047KPN_F046VAN_004 /nfs/user/wangrenyu/data/thu_ev_xmx_1/thu_ev_wav/F047KPN_F046VAN_004.wav
F031PNI_F030ANV_003 /nfs/user/wangrenyu/data/thu_ev_xmx_1/thu_ev_wav/F031PNI_F030ANV_003.wav
M001HNA_F003NVA_001 /nfs/user/wangrenyu/data/thu_ev_xmx_1/thu_ev_wav/M001HNA_F003NVA_001.wav
M005NJH_F011VNH_003 /nfs/user/wangrenyu/data/thu_ev_xmx_1/thu_ev_wav/M005NJH_F011VNH_003.wav
M033PNG_M032VNA_001 /nfs/user/wangrenyu/data/thu_ev_xmx_1/thu_ev_wav/M033PNG_M032VNA_001.wav
F029HJN_M016VAN_006 /nfs/user/wangrenyu/data/thu_ev_xmx_1/thu_ev_wav/F029HJN_M016VAN_006.wav
F042KNA_F043NVA_004 /nfs/user/wangrenyu/data/thu_ev_xmx_1/thu_ev_wav/F042KNA_F043NVA_004.wav
M019HNV_F024NAV_004 /nfs/user/wangrenyu/data/thu_ev_xmx_1/thu_ev_wav/M019HNV_F024NAV_004.wav
F036PNG_F037VNA_006 /nfs/user/wangrenyu/data/thu_ev_xmx_1/thu_ev_wav/F036PNG_F037VNA_006.wav
F051NKP_F052ANJ_002 /nfs/user/wangrenyu/data/thu_ev_xmx_1/thu_ev_wav/F051NKP_F052ANJ_002.wav
F046JHN_M047VAN_005 /nfs/user/wangrenyu/data/thu_ev_xmx_1/thu_ev_wav/F046JHN_M047VAN_005.wav
F069PKN_F068ANH_004 /nfs/user/wangrenyu/data/thu_ev_xmx_1/thu_ev_wav/F069PKN_F068ANH_004.wav
M028PNI_M029ANV_001 /nfs/user/wangrenyu/data/thu_ev_xmx_1/thu_ev_wav/M028PNI_M029ANV_001.wav
F058KPN_F057VAN_007 /nfs/user/wangrenyu/data/thu_ev_xmx_1/thu_ev_wav/F058KPN_F057VAN_007.wav
F037KNI_F036NAV_003 /nfs/user/wangrenyu/data/thu_ev_xmx_1/thu_ev_wav/F037KNI_F036NAV_003.wav
F045NPK_F044VNH_003 /nfs/user/wangrenyu/data/thu_ev_xmx_1/thu_ev_wav/F045NPK_F044VNH_003.wav
M024KPN_F041VNJ_004 /nfs/user/wangrenyu/data/thu_ev_xmx_1/thu_ev_wav/M024KPN_F041VNJ_004.wav
F019JNA_F018VNA_002 /nfs/user/wangrenyu/data/thu_ev_xmx_1/thu_ev_wav/F019JNA_F018VNA_002.wav
F028VNA_M012JNA_005 /nfs/user/wangrenyu/data/thu_ev_xmx_1/thu_ev_wav/F028VNA_M012JNA_005.wav
F052NKP_F051ANJ_001 /nfs/user/wangrenyu/data/thu_ev_xmx_1/thu_ev_wav/F052NKP_F051ANJ_001.wav
F001HJN_F002VAN_003 /nfs/user/wangrenyu/data/thu_ev_xmx_1/thu_ev_wav/F001HJN_F002VAN_003.wav
M001JHN_F003VAN_003 /nfs/user/wangrenyu/data/thu_ev_xmx_1/thu_ev_wav/M001JHN_F003VAN_003.wav
F008HNV_M002NAV_001 /nfs/user/wangrenyu/data/thu_ev_xmx_1/thu_ev_wav/F008HNV_M002NAV_001.wav
F033NKP_F032ANJ_001 /nfs/user/wangrenyu/data/thu_ev_xmx_1/thu_ev_wav/F033NKP_F032ANJ_001.wav
F046KPN_F047VAN_001 /nfs/user/wangrenyu/data/thu_ev_xmx_1/thu_ev_wav/F046KPN_F047VAN_001.wav
F010JNA_M004VNA_001 /nfs/user/wangrenyu/data/thu_ev_xmx_1/thu_ev_wav/F010JNA_M004VNA_001.wav
F065PNI_F066ANV_005 /nfs/user/wangrenyu/data/thu_ev_xmx_1/thu_ev_wav/F065PNI_F066ANV_005.wav
F032NKP_F033ANJ_006 /nfs/user/wangrenyu/data/thu_ev_xmx_1/thu_ev_wav/F032NKP_F033ANJ_006.wav
F029HJN_M016VAN_003 /nfs/user/wangrenyu/data/thu_ev_xmx_1/thu_ev_wav/F029HJN_M016VAN_003.wav
F067PNI_M034ANV_001 /nfs/user/wangrenyu/data/thu_ev_xmx_1/thu_ev_wav/F067PNI_M034ANV_001.wav
M017JNA_M018VNA_005 /nfs/user/wangrenyu/data/thu_ev_xmx_1/thu_ev_wav/M017JNA_M018VNA_005.wav
F036KNI_F037NAV_001 /nfs/user/wangrenyu/data/thu_ev_xmx_1/thu_ev_wav/F036KNI_F037NAV_001.wav
F011JAN_M005AVN_002 /nfs/user/wangrenyu/data/thu_ev_xmx_1/thu_ev_wav/F011JAN_M005AVN_002.wav
M023HNA_F040NVA_005 /nfs/user/wangrenyu/data/thu_ev_xmx_1/thu_ev_wav/M023HNA_F040NVA_005.wav
F025JNV_M011ANV_004 /nfs/user/wangrenyu/data/thu_ev_xmx_1/thu_ev_wav/F025JNV_M011ANV_004.wav
F055PNI_F054ANV_006 /nfs/user/wangrenyu/data/thu_ev_xmx_1/thu_ev_wav/F055PNI_F054ANV_006.wav
F033NKP_F032ANJ_006 /nfs/user/wangrenyu/data/thu_ev_xmx_1/thu_ev_wav/F033NKP_F032ANJ_006.wav
F030PNI_F031ANV_001 /nfs/user/wangrenyu/data/thu_ev_xmx_1/thu_ev_wav/F030PNI_F031ANV_001.wav
F059HNA_F060NVA_003 /nfs/user/wangrenyu/data/thu_ev_xmx_1/thu_ev_wav/F059HNA_F060NVA_003.wav
F046KPN_F047VAN_002 /nfs/user/wangrenyu/data/thu_ev_xmx_1/thu_ev_wav/F046KPN_F047VAN_002.wav
F066PKN_F065ANH_002 /nfs/user/wangrenyu/data/thu_ev_xmx_1/thu_ev_wav/F066PKN_F065ANH_002.wav
F061KNA_F062NVA_003 /nfs/user/wangrenyu/data/thu_ev_xmx_1/thu_ev_wav/F061KNA_F062NVA_003.wav
F008JHN_M002ANH_002 /nfs/user/wangrenyu/data/thu_ev_xmx_1/thu_ev_wav/F008JHN_M002ANH_002.wav
M012JNA_F028VNA_006 /nfs/user/wangrenyu/data/thu_ev_xmx_1/thu_ev_wav/M012JNA_F028VNA_006.wav
F052HNA_F051NVA_003 /nfs/user/wangrenyu/data/thu_ev_xmx_1/thu_ev_wav/F052HNA_F051NVA_003.wav
M022PKN_M021AVN_001 /nfs/user/wangrenyu/data/thu_ev_xmx_1/thu_ev_wav/M022PKN_M021AVN_001.wav
M001HNA_F003NVA_002 /nfs/user/wangrenyu/data/thu_ev_xmx_1/thu_ev_wav/M001HNA_F003NVA_002.wav
F048JNV_F049ANV_004 /nfs/user/wangrenyu/data/thu_ev_xmx_1/thu_ev_wav/F048JNV_F049ANV_004.wav
M011JNV_F025ANV_005 /nfs/user/wangrenyu/data/thu_ev_xmx_1/thu_ev_wav/M011JNV_F025ANV_005.wav
F023JHN_M020ANH_001 /nfs/user/wangrenyu/data/thu_ev_xmx_1/thu_ev_wav/F023JHN_M020ANH_001.wav
M016HNV_F029NAV_001 /nfs/user/wangrenyu/data/thu_ev_xmx_1/thu_ev_wav/M016HNV_F029NAV_001.wav
F023NJH_M020VNH_005 /nfs/user/wangrenyu/data/thu_ev_xmx_1/thu_ev_wav/F023NJH_M020VNH_005.wav
M012JNA_F028VNA_003 /nfs/user/wangrenyu/data/thu_ev_xmx_1/thu_ev_wav/M012JNA_F028VNA_003.wav
M022PKN_M021AVN_004 /nfs/user/wangrenyu/data/thu_ev_xmx_1/thu_ev_wav/M022PKN_M021AVN_004.wav
M024KPN_F041VNJ_001 /nfs/user/wangrenyu/data/thu_ev_xmx_1/thu_ev_wav/M024KPN_F041VNJ_001.wav
F058KPN_F057VAN_006 /nfs/user/wangrenyu/data/thu_ev_xmx_1/thu_ev_wav/F058KPN_F057VAN_006.wav
F059KPN_F060VAN_004 /nfs/user/wangrenyu/data/thu_ev_xmx_1/thu_ev_wav/F059KPN_F060VAN_004.wav
F057KPN_F058VNJ_004 /nfs/user/wangrenyu/data/thu_ev_xmx_1/thu_ev_wav/F057KPN_F058VNJ_004.wav
F066PNI_F065ANV_001 /nfs/user/wangrenyu/data/thu_ev_xmx_1/thu_ev_wav/F066PNI_F065ANV_001.wav
F059KPN_F060VAN_002 /nfs/user/wangrenyu/data/thu_ev_xmx_1/thu_ev_wav/F059KPN_F060VAN_002.wav
F071NKP_F070ANJ_002 /nfs/user/wangrenyu/data/thu_ev_xmx_1/thu_ev_wav/F071NKP_F070ANJ_002.wav
M027KPN_M026VNJ_005 /nfs/user/wangrenyu/data/thu_ev_xmx_1/thu_ev_wav/M027KPN_M026VNJ_005.wav
F047JHN_F046VAN_007 /nfs/user/wangrenyu/data/thu_ev_xmx_1/thu_ev_wav/F047JHN_M046VAN_007.wav
M015JHN_F027AVN_006 /nfs/user/wangrenyu/data/thu_ev_xmx_1/thu_ev_wav/M015JHN_F027AVN_006.wav
M010HJN_M009VAN_001 /nfs/user/wangrenyu/data/thu_ev_xmx_1/thu_ev_wav/M010HJN_M009VAN_001.wav
F050KNA_M025NVA_004 /nfs/user/wangrenyu/data/thu_ev_xmx_1/thu_ev_wav/F050KNA_M025NVA_004.wav
F046JHN_M047VAN_001 /nfs/user/wangrenyu/data/thu_ev_xmx_1/thu_ev_wav/F046JHN_M047VAN_001.wav
F038HNA_F039NVA_001 /nfs/user/wangrenyu/data/thu_ev_xmx_1/thu_ev_wav/F038HNA_F039NVA_001.wav
F069PKN_F068ANH_006 /nfs/user/wangrenyu/data/thu_ev_xmx_1/thu_ev_wav/F069PKN_F068ANH_006.wav
F050PKN_M025ANH_005 /nfs/user/wangrenyu/data/thu_ev_xmx_1/thu_ev_wav/F050PKN_M025ANH_005.wav
M022PKN_M021AVN_006 /nfs/user/wangrenyu/data/thu_ev_xmx_1/thu_ev_wav/M022PKN_M021AVN_006.wav
M013JHN_M018ANH_006 /nfs/user/wangrenyu/data/thu_ev_xmx_1/thu_ev_wav/M013JHN_M018ANH_006.wav
F049KNI_F048NAV_002 /nfs/user/wangrenyu/data/thu_ev_xmx_1/thu_ev_wav/F049KNI_F048NAV_002.wav
F069NKP_F068ANJ_003 /nfs/user/wangrenyu/data/thu_ev_xmx_1/thu_ev_wav/F069NKP_F068ANJ_003.wav
F035KPN_F034VAN_001 /nfs/user/wangrenyu/data/thu_ev_xmx_1/thu_ev_wav/F035KPN_F034VAN_001.wav
M015JHN_F027AVN_001 /nfs/user/wangrenyu/data/thu_ev_xmx_1/thu_ev_wav/M015JHN_F027AVN_001.wav
M015JNV_F027ANV_006 /nfs/user/wangrenyu/data/thu_ev_xmx_1/thu_ev_wav/M015JNV_F027ANV_006.wav
F023JHN_M020ANH_002 /nfs/user/wangrenyu/data/thu_ev_xmx_1/thu_ev_wav/F023JHN_M020ANH_002.wav
F017JHN_F016ANH_002 /nfs/user/wangrenyu/data/thu_ev_xmx_1/thu_ev_wav/F017JHN_F016ANH_002.wav
M033PNG_M032VNA_002 /nfs/user/wangrenyu/data/thu_ev_xmx_1/thu_ev_wav/M033PNG_M032VNA_002.wav
F006NHJ_F007ANJ_003 /nfs/user/wangrenyu/data/thu_ev_xmx_1/thu_ev_wav/F006NHJ_F007ANJ_003.wav
M026AVN_M027PKN_004 /nfs/user/wangrenyu/data/thu_ev_xmx_1/thu_ev_wav/M026AVN_M027PKN_004.wav
F050KNA_M025NVA_005 /nfs/user/wangrenyu/data/thu_ev_xmx_1/thu_ev_wav/F050KNA_M025NVA_005.wav
F022JHN_M008AVN_001 /nfs/user/wangrenyu/data/thu_ev_xmx_1/thu_ev_wav/F022JHN_M008AVN_001.wav
M019HNV_F024NAV_005 /nfs/user/wangrenyu/data/thu_ev_xmx_1/thu_ev_wav/M019HNV_F024NAV_005.wav
F012HNA_F013NVA_002 /nfs/user/wangrenyu/data/thu_ev_xmx_1/thu_ev_wav/F012HNA_F013NVA_002.wav
F045NKP_F044ANJ_001 /nfs/user/wangrenyu/data/thu_ev_xmx_1/thu_ev_wav/F045NKP_F044ANJ_001.wav
F010HJN_M004VNJ_003 /nfs/user/wangrenyu/data/thu_ev_xmx_1/thu_ev_wav/F010HJN_M004VNJ_003.wav
M024KPN_F041VNJ_003 /nfs/user/wangrenyu/data/thu_ev_xmx_1/thu_ev_wav/M024KPN_F041VNJ_003.wav
F050KNA_M025NVA_006 /nfs/user/wangrenyu/data/thu_ev_xmx_1/thu_ev_wav/F050KNA_M025NVA_006.wav
F044NKP_F045ANJ_006 /nfs/user/wangrenyu/data/thu_ev_xmx_1/thu_ev_wav/F044NKP_F045ANJ_006.wav
F063HNA_F064NVA_003 /nfs/user/wangrenyu/data/thu_ev_xmx_1/thu_ev_wav/F063HNA_F064NVA_003.wav
M002JHN_F008ANH_003 /nfs/user/wangrenyu/data/thu_ev_xmx_1/thu_ev_wav/M002JHN_F008ANH_003.wav
F028JNA_M012VNA_001 /nfs/user/wangrenyu/data/thu_ev_xmx_1/thu_ev_wav/F028JNA_M012VNA_001.wav
F030PNI_F031ANV_006 /nfs/user/wangrenyu/data/thu_ev_xmx_1/thu_ev_wav/F030PNI_F031ANV_006.wav
M022PKN_M021AVN_002 /nfs/user/wangrenyu/data/thu_ev_xmx_1/thu_ev_wav/M022PKN_M021AVN_002.wav
F060HNA_F059NVA_005 /nfs/user/wangrenyu/data/thu_ev_xmx_1/thu_ev_wav/F060HNA_F059NVA_005.wav
M028PNI_M029ANV_006 /nfs/user/wangrenyu/data/thu_ev_xmx_1/thu_ev_wav/M028PNI_M029ANV_006.wav
F070NKP_F071ANJ_001 /nfs/user/wangrenyu/data/thu_ev_xmx_1/thu_ev_wav/F070NKP_F071ANJ_001.wav
F057KPN_F058VAN_003 /nfs/user/wangrenyu/data/thu_ev_xmx_1/thu_ev_wav/F057KPN_F058VAN_003.wav
F037PNG_F036VNA_002 /nfs/user/wangrenyu/data/thu_ev_xmx_1/thu_ev_wav/F037PNG_F036VNA_002.wav
F059KPN_F060VAN_003 /nfs/user/wangrenyu/data/thu_ev_xmx_1/thu_ev_wav/F059KPN_F060VAN_003.wav
F057KPN_F058VAN_001 /nfs/user/wangrenyu/data/thu_ev_xmx_1/thu_ev_wav/F057KPN_F058VAN_001.wav
F009NJH_M003VNH_003 /nfs/user/wangrenyu/data/thu_ev_xmx_1/thu_ev_wav/F009NJH_M003VNH_003.wav
M030NKP_F053ANJ_005 /nfs/user/wangrenyu/data/thu_ev_xmx_1/thu_ev_wav/M030NKP_F053ANJ_005.wav
F019JHN_F018ANH_002 /nfs/user/wangrenyu/data/thu_ev_xmx_1/thu_ev_wav/F019JHN_F018ANH_002.wav
F063NPK_F064VNH_003 /nfs/user/wangrenyu/data/thu_ev_xmx_1/thu_ev_wav/F063NPK_F064VNH_003.wav
F024HJN_M019VAN_004 /nfs/user/wangrenyu/data/thu_ev_xmx_1/thu_ev_wav/F024HJN_M019VAN_004.wav
M012NHJ_F028ANJ_006 /nfs/user/wangrenyu/data/thu_ev_xmx_1/thu_ev_wav/M012NHJ_F028ANJ_006.wav
M012NHJ_F028ANJ_003 /nfs/user/wangrenyu/data/thu_ev_xmx_1/thu_ev_wav/M012NHJ_F028ANJ_003.wav
F003HNA_M001NVA_002 /nfs/user/wangrenyu/data/thu_ev_xmx_1/thu_ev_wav/F003HNA_M001NVA_002.wav
F047JHN_F046VAN_004 /nfs/user/wangrenyu/data/thu_ev_xmx_1/thu_ev_wav/F047JHN_M046VAN_004.wav
F056PKN_M031AVN_005 /nfs/user/wangrenyu/data/thu_ev_xmx_1/thu_ev_wav/F056PKN_M031AVN_005.wav
F058KPN_F057VNJ_002 /nfs/user/wangrenyu/data/thu_ev_xmx_1/thu_ev_wav/F058KPN_F057VNJ_002.wav
F013HNA_F012NVA_002 /nfs/user/wangrenyu/data/thu_ev_xmx_1/thu_ev_wav/F013HNA_F012NVA_002.wav
M032PNI_M033ANV_002 /nfs/user/wangrenyu/data/thu_ev_xmx_1/thu_ev_wav/M032PNI_M033ANV_002.wav
F052NKP_F051ANJ_004 /nfs/user/wangrenyu/data/thu_ev_xmx_1/thu_ev_wav/F052NKP_F051ANJ_004.wav
F043KNA_F042NVA_003 /nfs/user/wangrenyu/data/thu_ev_xmx_1/thu_ev_wav/F043KNA_F042NVA_003.wav
F015HJN_F014VNJ_001 /nfs/user/wangrenyu/data/thu_ev_xmx_1/thu_ev_wav/F015HJN_F014VNJ_001.wav
F016JHN_F017ANH_002 /nfs/user/wangrenyu/data/thu_ev_xmx_1/thu_ev_wav/F016JHN_F017ANH_002.wav
M026AVN_M027PKN_006 /nfs/user/wangrenyu/data/thu_ev_xmx_1/thu_ev_wav/M026AVN_M027PKN_006.wav
F045NKP_F044ANJ_004 /nfs/user/wangrenyu/data/thu_ev_xmx_1/thu_ev_wav/F045NKP_F044ANJ_004.wav
F065PNI_F066ANV_004 /nfs/user/wangrenyu/data/thu_ev_xmx_1/thu_ev_wav/F065PNI_F066ANV_004.wav
F059KPN_F060VAN_006 /nfs/user/wangrenyu/data/thu_ev_xmx_1/thu_ev_wav/F059KPN_F060VAN_006.wav
M028PNI_M029ANV_005 /nfs/user/wangrenyu/data/thu_ev_xmx_1/thu_ev_wav/M028PNI_M029ANV_005.wav
M023HNA_F040NVA_002 /nfs/user/wangrenyu/data/thu_ev_xmx_1/thu_ev_wav/M023HNA_F040NVA_002.wav
M022KNI_M021NAV_005 /nfs/user/wangrenyu/data/thu_ev_xmx_1/thu_ev_wav/M022KNI_M021NAV_005.wav
F034KPN_F035VAN_002 /nfs/user/wangrenyu/data/thu_ev_xmx_1/thu_ev_wav/F034KPN_F035VAN_002.wav
M020JHN_F023ANH_001 /nfs/user/wangrenyu/data/thu_ev_xmx_1/thu_ev_wav/M020JHN_F023ANH_001.wav
F058KPN_F057VNJ_001 /nfs/user/wangrenyu/data/thu_ev_xmx_1/thu_ev_wav/F058KPN_F057VNJ_001.wav
F021JHN_F020AVN_004 /nfs/user/wangrenyu/data/thu_ev_xmx_1/thu_ev_wav/F021JHN_F020AVN_004.wav
F064HNA_F063NVA_003 /nfs/user/wangrenyu/data/thu_ev_xmx_1/thu_ev_wav/F064HNA_F063NVA_003.wav
M017NHJ_M018ANJ_003 /nfs/user/wangrenyu/data/thu_ev_xmx_1/thu_ev_wav/M017NHJ_M018ANJ_003.wav
M014HNA_F026NVA_004 /nfs/user/wangrenyu/data/thu_ev_xmx_1/thu_ev_wav/M014HNA_F026NVA_004.wav
F034KPN_F035VAN_004 /nfs/user/wangrenyu/data/thu_ev_xmx_1/thu_ev_wav/F034KPN_F035VAN_004.wav
F040HNA_M023NVA_004 /nfs/user/wangrenyu/data/thu_ev_xmx_1/thu_ev_wav/F040HNA_M023NVA_004.wav
M023PNG_F040VNA_006 /nfs/user/wangrenyu/data/thu_ev_xmx_1/thu_ev_wav/M023PNG_F040VNA_006.wav
F058KPN_F057VAN_004 /nfs/user/wangrenyu/data/thu_ev_xmx_1/thu_ev_wav/F058KPN_F057VAN_004.wav
F054PNI_F055ANV_006 /nfs/user/wangrenyu/data/thu_ev_xmx_1/thu_ev_wav/F054PNI_F055ANV_006.wav
M021PKN_M022AVN_003 /nfs/user/wangrenyu/data/thu_ev_xmx_1/thu_ev_wav/M021PKN_M022AVN_003.wav
F057KPN_F058VAN_004 /nfs/user/wangrenyu/data/thu_ev_xmx_1/thu_ev_wav/F057KPN_F058VAN_004.wav
F057KPN_F058VAN_006 /nfs/user/wangrenyu/data/thu_ev_xmx_1/thu_ev_wav/F057KPN_F058VAN_006.wav
F055PNI_F054ANV_004 /nfs/user/wangrenyu/data/thu_ev_xmx_1/thu_ev_wav/F055PNI_F054ANV_004.wav
F041KPN_M024VNJ_005 /nfs/user/wangrenyu/data/thu_ev_xmx_1/thu_ev_wav/F041KPN_M024VNJ_005.wav
F048KNI_F049NAV_002 /nfs/user/wangrenyu/data/thu_ev_xmx_1/thu_ev_wav/F048KNI_F049NAV_002.wav
M027AVN_M026PKN_002 /nfs/user/wangrenyu/data/thu_ev_xmx_1/thu_ev_wav/M027AVN_M026PKN_002.wav
F006NHJ_F007ANJ_001 /nfs/user/wangrenyu/data/thu_ev_xmx_1/thu_ev_wav/F006NHJ_F007ANJ_001.wav
F032NKP_F033ANJ_003 /nfs/user/wangrenyu/data/thu_ev_xmx_1/thu_ev_wav/F032NKP_F033ANJ_003.wav
M006JNV_M007ANV_001 /nfs/user/wangrenyu/data/thu_ev_xmx_1/thu_ev_wav/M006JNV_M007ANV_001.wav
F011NJH_M005VNH_003 /nfs/user/wangrenyu/data/thu_ev_xmx_1/thu_ev_wav/F011NJH_M005VNH_003.wav
M021KNI_M022NAV_001 /nfs/user/wangrenyu/data/thu_ev_xmx_1/thu_ev_wav/M021KNI_M022NAV_001.wav
F049JNV_F048ANV_005 /nfs/user/wangrenyu/data/thu_ev_xmx_1/thu_ev_wav/F049JNV_F048ANV_005.wav
F026HNA_M014NVA_004 /nfs/user/wangrenyu/data/thu_ev_xmx_1/thu_ev_wav/F026HNA_M014NVA_004.wav
F005HNA_F004NVA_001 /nfs/user/wangrenyu/data/thu_ev_xmx_1/thu_ev_wav/F005HNA_F004NVA_001.wav
F016JHN_F017ANH_003 /nfs/user/wangrenyu/data/thu_ev_xmx_1/thu_ev_wav/F016JHN_F017ANH_003.wav
M017JNA_M018VNA_001 /nfs/user/wangrenyu/data/thu_ev_xmx_1/thu_ev_wav/M017JNA_M018VNA_001.wav
M020NJH_F023VNH_003 /nfs/user/wangrenyu/data/thu_ev_xmx_1/thu_ev_wav/M020NJH_F023VNH_003.wav
F050PKN_M025ANH_003 /nfs/user/wangrenyu/data/thu_ev_xmx_1/thu_ev_wav/F050PKN_M025ANH_003.wav
M009HJN_M010VNJ_001 /nfs/user/wangrenyu/data/thu_ev_xmx_1/thu_ev_wav/M009HJN_M010VNJ_001.wav
M014HJN_F026VNJ_006 /nfs/user/wangrenyu/data/thu_ev_xmx_1/thu_ev_wav/M014HJN_F026VNJ_006.wav
M027AVN_M026PKN_003 /nfs/user/wangrenyu/data/thu_ev_xmx_1/thu_ev_wav/M027AVN_M026PKN_003.wav
F032NKP_F033ANJ_004 /nfs/user/wangrenyu/data/thu_ev_xmx_1/thu_ev_wav/F032NKP_F033ANJ_004.wav
F027JNV_M015ANV_002 /nfs/user/wangrenyu/data/thu_ev_xmx_1/thu_ev_wav/F027JNV_M015ANV_002.wav
F033NKP_F032ANJ_003 /nfs/user/wangrenyu/data/thu_ev_xmx_1/thu_ev_wav/F033NKP_F032ANJ_003.wav
F029HNV_M016NAV_002 /nfs/user/wangrenyu/data/thu_ev_xmx_1/thu_ev_wav/F029HNV_M016NAV_002.wav
F059HNA_F060NVA_007 /nfs/user/wangrenyu/data/thu_ev_xmx_1/thu_ev_wav/F059HNA_F060NVA_007.wav
F023NJH_M020VNH_006 /nfs/user/wangrenyu/data/thu_ev_xmx_1/thu_ev_wav/F023NJH_M020VNH_006.wav
F034HNA_F035NVA_006 /nfs/user/wangrenyu/data/thu_ev_xmx_1/thu_ev_wav/F034HNA_F035NVA_006.wav
M030NKP_F053ANJ_004 /nfs/user/wangrenyu/data/thu_ev_xmx_1/thu_ev_wav/M030NKP_F053ANJ_004.wav
F030PNI_F031ANV_005 /nfs/user/wangrenyu/data/thu_ev_xmx_1/thu_ev_wav/F030PNI_F031ANV_005.wav
M011JNV_F025ANV_003 /nfs/user/wangrenyu/data/thu_ev_xmx_1/thu_ev_wav/M011JNV_F025ANV_003.wav
F024HNV_M019NAV_006 /nfs/user/wangrenyu/data/thu_ev_xmx_1/thu_ev_wav/F024HNV_M019NAV_006.wav
F060HNA_F059NVA_004 /nfs/user/wangrenyu/data/thu_ev_xmx_1/thu_ev_wav/F060HNA_F059NVA_004.wav
F042KNA_F043NVA_003 /nfs/user/wangrenyu/data/thu_ev_xmx_1/thu_ev_wav/F042KNA_F043NVA_003.wav
M013NJH_M018VNH_003 /nfs/user/wangrenyu/data/thu_ev_xmx_1/thu_ev_wav/M013NJH_M018VNH_003.wav
M029PKN_M028ANH_001 /nfs/user/wangrenyu/data/thu_ev_xmx_1/thu_ev_wav/M029PKN_M028ANH_001.wav
M027KPN_M026VNJ_002 /nfs/user/wangrenyu/data/thu_ev_xmx_1/thu_ev_wav/M027KPN_M026VNJ_002.wav
M022KNI_M021NAV_003 /nfs/user/wangrenyu/data/thu_ev_xmx_1/thu_ev_wav/M022KNI_M021NAV_003.wav
M029PKN_M028ANH_003 /nfs/user/wangrenyu/data/thu_ev_xmx_1/thu_ev_wav/M029PKN_M028ANH_003.wav
F018JNA_F019VNA_001 /nfs/user/wangrenyu/data/thu_ev_xmx_1/thu_ev_wav/F018JNA_F019VNA_001.wav
F037KNI_F036NAV_004 /nfs/user/wangrenyu/data/thu_ev_xmx_1/thu_ev_wav/F037KNI_F036NAV_004.wav
F059HNA_F060NVA_001 /nfs/user/wangrenyu/data/thu_ev_xmx_1/thu_ev_wav/F059HNA_F060NVA_001.wav
M013NJH_M018VNH_001 /nfs/user/wangrenyu/data/thu_ev_xmx_1/thu_ev_wav/M013NJH_M018VNH_001.wav
F017NJH_F016VNH_001 /nfs/user/wangrenyu/data/thu_ev_xmx_1/thu_ev_wav/F017NJH_F016VNH_001.wav
F060KPN_F059VAN_003 /nfs/user/wangrenyu/data/thu_ev_xmx_1/thu_ev_wav/F060KPN_F059VAN_003.wav
F036KNI_F037NAV_004 /nfs/user/wangrenyu/data/thu_ev_xmx_1/thu_ev_wav/F036KNI_F037NAV_004.wav
M032PNI_M033ANV_005 /nfs/user/wangrenyu/data/thu_ev_xmx_1/thu_ev_wav/M032PNI_M033ANV_005.wav
M012JNA_F028VNA_001 /nfs/user/wangrenyu/data/thu_ev_xmx_1/thu_ev_wav/M012JNA_F028VNA_001.wav
M025PKN_F050ANH_002 /nfs/user/wangrenyu/data/thu_ev_xmx_1/thu_ev_wav/M025PKN_F050ANH_002.wav
M033PNI_M032ANV_003 /nfs/user/wangrenyu/data/thu_ev_xmx_1/thu_ev_wav/M033PNI_M032ANV_003.wav
F054PNI_F055ANV_002 /nfs/user/wangrenyu/data/thu_ev_xmx_1/thu_ev_wav/F054PNI_F055ANV_002.wav
M033PNG_M032VNA_004 /nfs/user/wangrenyu/data/thu_ev_xmx_1/thu_ev_wav/M033PNG_M032VNA_004.wav
F053NKP_M030ANJ_005 /nfs/user/wangrenyu/data/thu_ev_xmx_1/thu_ev_wav/F053NKP_M030ANJ_005.wav
M027KPN_M026VNJ_003 /nfs/user/wangrenyu/data/thu_ev_xmx_1/thu_ev_wav/M027KPN_M026VNJ_003.wav
F043NKP_F042ANJ_004 /nfs/user/wangrenyu/data/thu_ev_xmx_1/thu_ev_wav/F043NKP_F042ANJ_004.wav
M030NPK_F053VNH_004 /nfs/user/wangrenyu/data/thu_ev_xmx_1/thu_ev_wav/M030NPK_F053VNH_004.wav
F056PKN_M031AVN_003 /nfs/user/wangrenyu/data/thu_ev_xmx_1/thu_ev_wav/F056PKN_M031AVN_003.wav
F031PNI_F030ANV_006 /nfs/user/wangrenyu/data/thu_ev_xmx_1/thu_ev_wav/F031PNI_F030ANV_006.wav
F066PKN_F065ANH_004 /nfs/user/wangrenyu/data/thu_ev_xmx_1/thu_ev_wav/F066PKN_F065ANH_004.wav
F011JAN_M005AVN_003 /nfs/user/wangrenyu/data/thu_ev_xmx_1/thu_ev_wav/F011JAN_M005AVN_003.wav
F005HNA_F004NVA_005 /nfs/user/wangrenyu/data/thu_ev_xmx_1/thu_ev_wav/F005HNA_F004NVA_005.wav
F060HNA_F059NVA_006 /nfs/user/wangrenyu/data/thu_ev_xmx_1/thu_ev_wav/F060HNA_F059NVA_006.wav
F033PKN_F032ANH_002 /nfs/user/wangrenyu/data/thu_ev_xmx_1/thu_ev_wav/F033PKN_F032ANH_002.wav
F035HNA_F034NVA_003 /nfs/user/wangrenyu/data/thu_ev_xmx_1/thu_ev_wav/F035HNA_F034NVA_003.wav
F026HNA_M014NVA_007 /nfs/user/wangrenyu/data/thu_ev_xmx_1/thu_ev_wav/F026HNA_M014NVA_007.wav
F025JNV_M011ANV_002 /nfs/user/wangrenyu/data/thu_ev_xmx_1/thu_ev_wav/F025JNV_M011ANV_002.wav
F055PNI_F054ANV_002 /nfs/user/wangrenyu/data/thu_ev_xmx_1/thu_ev_wav/F055PNI_F054ANV_002.wav
F024HNV_M019NAV_004 /nfs/user/wangrenyu/data/thu_ev_xmx_1/thu_ev_wav/F024HNV_M019NAV_004.wav
F070NKP_F071ANJ_003 /nfs/user/wangrenyu/data/thu_ev_xmx_1/thu_ev_wav/F070NKP_F071ANJ_003.wav
F049KNI_F048NAV_005 /nfs/user/wangrenyu/data/thu_ev_xmx_1/thu_ev_wav/F049KNI_F048NAV_005.wav
M018JHN_M013ANH_004 /nfs/user/wangrenyu/data/thu_ev_xmx_1/thu_ev_wav/M018JHN_M013ANH_004.wav
M018NJH_M013VNH_005 /nfs/user/wangrenyu/data/thu_ev_xmx_1/thu_ev_wav/M018NJH_M013VNH_005.wav
F065PNI_F066ANV_002 /nfs/user/wangrenyu/data/thu_ev_xmx_1/thu_ev_wav/F065PNI_F066ANV_002.wav
M032PNI_M033ANV_006 /nfs/user/wangrenyu/data/thu_ev_xmx_1/thu_ev_wav/M032PNI_M033ANV_006.wav
M004JNA_F010VNA_001 /nfs/user/wangrenyu/data/thu_ev_xmx_1/thu_ev_wav/M004JNA_F010VNA_001.wav
F010JNA_M004VNA_003 /nfs/user/wangrenyu/data/thu_ev_xmx_1/thu_ev_wav/F010JNA_M004VNA_003.wav
F004HNA_F005NVA_004 /nfs/user/wangrenyu/data/thu_ev_xmx_1/thu_ev_wav/F004HNA_F005NVA_004.wav
F069NKP_F068ANJ_002 /nfs/user/wangrenyu/data/thu_ev_xmx_1/thu_ev_wav/F069NKP_F068ANJ_002.wav
F037PNG_F036VNA_004 /nfs/user/wangrenyu/data/thu_ev_xmx_1/thu_ev_wav/F037PNG_F036VNA_004.wav
F007HNA_F006NVA_003 /nfs/user/wangrenyu/data/thu_ev_xmx_1/thu_ev_wav/F007HNA_F006NVA_003.wav
F007NHJ_F006ANJ_003 /nfs/user/wangrenyu/data/thu_ev_xmx_1/thu_ev_wav/F007NHJ_F006ANJ_003.wav
F067HNA_M034NVA_002 /nfs/user/wangrenyu/data/thu_ev_xmx_1/thu_ev_wav/F067HNA_M034NVA_002.wav
M016HJN_F029VAN_006 /nfs/user/wangrenyu/data/thu_ev_xmx_1/thu_ev_wav/M016HJN_F029VAN_006.wav
M019HJN_F024VAN_004 /nfs/user/wangrenyu/data/thu_ev_xmx_1/thu_ev_wav/M019HJN_F024VAN_004.wav
M034PNI_F067ANV_003 /nfs/user/wangrenyu/data/thu_ev_xmx_1/thu_ev_wav/M034PNI_F067ANV_003.wav
M029PKN_M028ANH_005 /nfs/user/wangrenyu/data/thu_ev_xmx_1/thu_ev_wav/M029PKN_M028ANH_005.wav
F046JHN_M047VAN_006 /nfs/user/wangrenyu/data/thu_ev_xmx_1/thu_ev_wav/F046JHN_M047VAN_006.wav
F060HNA_F059NVA_001 /nfs/user/wangrenyu/data/thu_ev_xmx_1/thu_ev_wav/F060HNA_F059NVA_001.wav
F048JNV_F049ANV_006 /nfs/user/wangrenyu/data/thu_ev_xmx_1/thu_ev_wav/F048JNV_F049ANV_006.wav
F025JHN_M011AVN_002 /nfs/user/wangrenyu/data/thu_ev_xmx_1/thu_ev_wav/F025JHN_M011AVN_002.wav
M026AVN_M027PKN_002 /nfs/user/wangrenyu/data/thu_ev_xmx_1/thu_ev_wav/M026AVN_M027PKN_002.wav
F005HNA_F004NVA_004 /nfs/user/wangrenyu/data/thu_ev_xmx_1/thu_ev_wav/F005HNA_F004NVA_004.wav
F053NPK_M030VNH_006 /nfs/user/wangrenyu/data/thu_ev_xmx_1/thu_ev_wav/F053NPK_M030VNH_006.wav
F032PKN_F033ANH_005 /nfs/user/wangrenyu/data/thu_ev_xmx_1/thu_ev_wav/F032PKN_F033ANH_005.wav
F039HNA_F038NVA_005 /nfs/user/wangrenyu/data/thu_ev_xmx_1/thu_ev_wav/F039HNA_F038NVA_005.wav
F043NKP_F042ANJ_003 /nfs/user/wangrenyu/data/thu_ev_xmx_1/thu_ev_wav/F043NKP_F042ANJ_003.wav
M025KNA_F050NVA_005 /nfs/user/wangrenyu/data/thu_ev_xmx_1/thu_ev_wav/M025KNA_F050NVA_005.wav
M021KNI_M022NAV_004 /nfs/user/wangrenyu/data/thu_ev_xmx_1/thu_ev_wav/M021KNI_M022NAV_004.wav
M017NHJ_M018ANJ_001 /nfs/user/wangrenyu/data/thu_ev_xmx_1/thu_ev_wav/M017NHJ_M018ANJ_001.wav
M018NJH_M013VNH_001 /nfs/user/wangrenyu/data/thu_ev_xmx_1/thu_ev_wav/M018NJH_M013VNH_001.wav
F005HNA_F004NVA_003 /nfs/user/wangrenyu/data/thu_ev_xmx_1/thu_ev_wav/F005HNA_F004NVA_003.wav
F035KPN_F034VAN_005 /nfs/user/wangrenyu/data/thu_ev_xmx_1/thu_ev_wav/F035KPN_F034VAN_005.wav
F035HNA_F034NVA_004 /nfs/user/wangrenyu/data/thu_ev_xmx_1/thu_ev_wav/F035HNA_F034NVA_004.wav
F002JHN_F001ANH_003 /nfs/user/wangrenyu/data/thu_ev_xmx_1/thu_ev_wav/F002JHN_F001ANH_003.wav
F015JNV_F014VNA_001 /nfs/user/wangrenyu/data/thu_ev_xmx_1/thu_ev_wav/F015JNV_F014VNA_001.wav
F022NHJ_M008ANJ_002 /nfs/user/wangrenyu/data/thu_ev_xmx_1/thu_ev_wav/F022NHJ_M008ANJ_002.wav
M029PKN_M028ANH_004 /nfs/user/wangrenyu/data/thu_ev_xmx_1/thu_ev_wav/M029PKN_M028ANH_004.wav
F026HNA_M014NVA_002 /nfs/user/wangrenyu/data/thu_ev_xmx_1/thu_ev_wav/F026HNA_M014NVA_002.wav
M018NJH_M013VNH_006 /nfs/user/wangrenyu/data/thu_ev_xmx_1/thu_ev_wav/M018NJH_M013VNH_006.wav
M031PKN_F056ANH_006 /nfs/user/wangrenyu/data/thu_ev_xmx_1/thu_ev_wav/M031PKN_F056ANH_006.wav
F047JHN_F046VAN_002 /nfs/user/wangrenyu/data/thu_ev_xmx_1/thu_ev_wav/F047JHN_M046VAN_002.wav
M028PKN_M029ANH_002 /nfs/user/wangrenyu/data/thu_ev_xmx_1/thu_ev_wav/M028PKN_M029ANH_002.wav
F015JNV_F014VNA_004 /nfs/user/wangrenyu/data/thu_ev_xmx_1/thu_ev_wav/F015JNV_F014VNA_004.wav
F032NKP_F033ANJ_005 /nfs/user/wangrenyu/data/thu_ev_xmx_1/thu_ev_wav/F032NKP_F033ANJ_005.wav
F035HNA_F034NVA_005 /nfs/user/wangrenyu/data/thu_ev_xmx_1/thu_ev_wav/F035HNA_F034NVA_005.wav
F002JHN_F001ANH_002 /nfs/user/wangrenyu/data/thu_ev_xmx_1/thu_ev_wav/F002JHN_F001ANH_002.wav
M015JNV_F027ANV_005 /nfs/user/wangrenyu/data/thu_ev_xmx_1/thu_ev_wav/M015JNV_F027ANV_005.wav
F061HNA_F062NVA_002 /nfs/user/wangrenyu/data/thu_ev_xmx_1/thu_ev_wav/F061HNA_F062NVA_002.wav
M004JNA_F010VNA_003 /nfs/user/wangrenyu/data/thu_ev_xmx_1/thu_ev_wav/M004JNA_F010VNA_003.wav
M018JHN_M013ANH_003 /nfs/user/wangrenyu/data/thu_ev_xmx_1/thu_ev_wav/M018JHN_M013ANH_003.wav
F034KPN_F035VAN_001 /nfs/user/wangrenyu/data/thu_ev_xmx_1/thu_ev_wav/F034KPN_F035VAN_001.wav
F065PKN_F066ANH_004 /nfs/user/wangrenyu/data/thu_ev_xmx_1/thu_ev_wav/F065PKN_F066ANH_004.wav
M007HNA_M006NVA_003 /nfs/user/wangrenyu/data/thu_ev_xmx_1/thu_ev_wav/M007HNA_M006NVA_003.wav
F041KPN_M024VNJ_006 /nfs/user/wangrenyu/data/thu_ev_xmx_1/thu_ev_wav/F041KPN_M024VNJ_006.wav
F039HNA_F038NVA_003 /nfs/user/wangrenyu/data/thu_ev_xmx_1/thu_ev_wav/F039HNA_F038NVA_003.wav
M034HNA_F067NVA_004 /nfs/user/wangrenyu/data/thu_ev_xmx_1/thu_ev_wav/M034HNA_F067NVA_004.wav
M016HNV_F029NAV_002 /nfs/user/wangrenyu/data/thu_ev_xmx_1/thu_ev_wav/M016HNV_F029NAV_002.wav
M020JHN_F023ANH_003 /nfs/user/wangrenyu/data/thu_ev_xmx_1/thu_ev_wav/M020JHN_F023ANH_003.wav
F010HJN_M004VNJ_002 /nfs/user/wangrenyu/data/thu_ev_xmx_1/thu_ev_wav/F010HJN_M004VNJ_002.wav
M020NJH_F023VNH_004 /nfs/user/wangrenyu/data/thu_ev_xmx_1/thu_ev_wav/M020NJH_F023VNH_004.wav
F039HNA_F038NVA_001 /nfs/user/wangrenyu/data/thu_ev_xmx_1/thu_ev_wav/F039HNA_F038NVA_001.wav
M029PNI_M028ANV_001 /nfs/user/wangrenyu/data/thu_ev_xmx_1/thu_ev_wav/M029PNI_M028ANV_001.wav
M033PNI_M032ANV_004 /nfs/user/wangrenyu/data/thu_ev_xmx_1/thu_ev_wav/M033PNI_M032ANV_004.wav
F038HJN_F039VAN_002 /nfs/user/wangrenyu/data/thu_ev_xmx_1/thu_ev_wav/F038HJN_F039VAN_002.wav
M009HJN_M010VAN_001 /nfs/user/wangrenyu/data/thu_ev_xmx_1/thu_ev_wav/M009HJN_M010VAN_001.wav
F048JNV_F049ANV_003 /nfs/user/wangrenyu/data/thu_ev_xmx_1/thu_ev_wav/F048JNV_F049ANV_003.wav
M022KNI_M021NAV_006 /nfs/user/wangrenyu/data/thu_ev_xmx_1/thu_ev_wav/M022KNI_M021NAV_006.wav
F026HJN_M014VNJ_005 /nfs/user/wangrenyu/data/thu_ev_xmx_1/thu_ev_wav/F026HJN_M014VNJ_005.wav
F033NKP_F032ANJ_005 /nfs/user/wangrenyu/data/thu_ev_xmx_1/thu_ev_wav/F033NKP_F032ANJ_005.wav
M019HJN_F024VAN_001 /nfs/user/wangrenyu/data/thu_ev_xmx_1/thu_ev_wav/M019HJN_F024VAN_001.wav
F071KNI_F070NAV_004 /nfs/user/wangrenyu/data/thu_ev_xmx_1/thu_ev_wav/F071KNI_F070NAV_004.wav
F003JHN_M001VAN_003 /nfs/user/wangrenyu/data/thu_ev_xmx_1/thu_ev_wav/F003JHN_M001VAN_003.wav
F023NJH_M020VNH_001 /nfs/user/wangrenyu/data/thu_ev_xmx_1/thu_ev_wav/F023NJH_M020VNH_001.wav
F064NPK_F063VNH_001 /nfs/user/wangrenyu/data/thu_ev_xmx_1/thu_ev_wav/F064NPK_F063VNH_001.wav
F035KPN_F034VAN_006 /nfs/user/wangrenyu/data/thu_ev_xmx_1/thu_ev_wav/F035KPN_F034VAN_006.wav
M012JNA_F028VNA_004 /nfs/user/wangrenyu/data/thu_ev_xmx_1/thu_ev_wav/M012JNA_F028VNA_004.wav
F064HNA_F063NVA_002 /nfs/user/wangrenyu/data/thu_ev_xmx_1/thu_ev_wav/F064HNA_F063NVA_002.wav
F038HJN_F039VAN_003 /nfs/user/wangrenyu/data/thu_ev_xmx_1/thu_ev_wav/F038HJN_F039VAN_003.wav
F009NJH_M003VNH_001 /nfs/user/wangrenyu/data/thu_ev_xmx_1/thu_ev_wav/F009NJH_M003VNH_001.wav
M030NPK_F053VNH_005 /nfs/user/wangrenyu/data/thu_ev_xmx_1/thu_ev_wav/M030NPK_F053VNH_005.wav
M017JNA_M018VNA_003 /nfs/user/wangrenyu/data/thu_ev_xmx_1/thu_ev_wav/M017JNA_M018VNA_003.wav
F061HNA_F062NVA_003 /nfs/user/wangrenyu/data/thu_ev_xmx_1/thu_ev_wav/F061HNA_F062NVA_003.wav
M011JHN_F025AVN_003 /nfs/user/wangrenyu/data/thu_ev_xmx_1/thu_ev_wav/M011JHN_F025AVN_003.wav
M026KPN_M027VNJ_001 /nfs/user/wangrenyu/data/thu_ev_xmx_1/thu_ev_wav/M026KPN_M027VNJ_001.wav
F070KNI_F071NAV_004 /nfs/user/wangrenyu/data/thu_ev_xmx_1/thu_ev_wav/F070KNI_F071NAV_004.wav
F052NKP_F051ANJ_005 /nfs/user/wangrenyu/data/thu_ev_xmx_1/thu_ev_wav/F052NKP_F051ANJ_005.wav
F018JHN_F019ANH_001 /nfs/user/wangrenyu/data/thu_ev_xmx_1/thu_ev_wav/F018JHN_F019ANH_001.wav
F027JNV_M015ANV_004 /nfs/user/wangrenyu/data/thu_ev_xmx_1/thu_ev_wav/F027JNV_M015ANV_004.wav
M017NHJ_M018ANJ_006 /nfs/user/wangrenyu/data/thu_ev_xmx_1/thu_ev_wav/M017NHJ_M018ANJ_006.wav
F020JHN_F021AVN_002 /nfs/user/wangrenyu/data/thu_ev_xmx_1/thu_ev_wav/F020JHN_F021AVN_002.wav
F032PKN_F033ANH_006 /nfs/user/wangrenyu/data/thu_ev_xmx_1/thu_ev_wav/F032PKN_F033ANH_006.wav
F068NKP_F069ANJ_006 /nfs/user/wangrenyu/data/thu_ev_xmx_1/thu_ev_wav/F068NKP_F069ANJ_006.wav
M021PKN_M022AVN_006 /nfs/user/wangrenyu/data/thu_ev_xmx_1/thu_ev_wav/M021PKN_M022AVN_006.wav
M017JNA_M018VNA_002 /nfs/user/wangrenyu/data/thu_ev_xmx_1/thu_ev_wav/M017JNA_M018VNA_002.wav
F068PKN_F069ANH_006 /nfs/user/wangrenyu/data/thu_ev_xmx_1/thu_ev_wav/F068PKN_F069ANH_006.wav
F050PKN_M025ANH_001 /nfs/user/wangrenyu/data/thu_ev_xmx_1/thu_ev_wav/F050PKN_M025ANH_001.wav
M013JHN_M018ANH_003 /nfs/user/wangrenyu/data/thu_ev_xmx_1/thu_ev_wav/M013JHN_M018ANH_003.wav
F049JNV_F048ANV_002 /nfs/user/wangrenyu/data/thu_ev_xmx_1/thu_ev_wav/F049JNV_F048ANV_002.wav
F062HNA_F061NVA_003 /nfs/user/wangrenyu/data/thu_ev_xmx_1/thu_ev_wav/F062HNA_F061NVA_003.wav
M022KNI_M021NAV_001 /nfs/user/wangrenyu/data/thu_ev_xmx_1/thu_ev_wav/M022KNI_M021NAV_001.wav
F043NKP_F042ANJ_005 /nfs/user/wangrenyu/data/thu_ev_xmx_1/thu_ev_wav/F043NKP_F042ANJ_005.wav
M031PKN_F056AVN_007 /nfs/user/wangrenyu/data/thu_ev_xmx_1/thu_ev_wav/M031PKN_F056AVN_007.wav
F004HNA_F005NVA_002 /nfs/user/wangrenyu/data/thu_ev_xmx_1/thu_ev_wav/F004HNA_F005NVA_002.wav
M018NJH_M013VNH_003 /nfs/user/wangrenyu/data/thu_ev_xmx_1/thu_ev_wav/M018NJH_M013VNH_003.wav
F058KPN_F057VNJ_004 /nfs/user/wangrenyu/data/thu_ev_xmx_1/thu_ev_wav/F058KPN_F057VNJ_004.wav
F047JHN_F046VAN_003 /nfs/user/wangrenyu/data/thu_ev_xmx_1/thu_ev_wav/F047JHN_M046VAN_003.wav
F069NKP_F068ANJ_005 /nfs/user/wangrenyu/data/thu_ev_xmx_1/thu_ev_wav/F069NKP_F068ANJ_005.wav
F041NVA_M024HNA_002 /nfs/user/wangrenyu/data/thu_ev_xmx_1/thu_ev_wav/F041NVA_M024HNA_002.wav
M002HNV_F008NAV_001 /nfs/user/wangrenyu/data/thu_ev_xmx_1/thu_ev_wav/M002HNV_F008NAV_001.wav
F044NPK_F045VNH_006 /nfs/user/wangrenyu/data/thu_ev_xmx_1/thu_ev_wav/F044NPK_F045VNH_006.wav
M003HNA_F009NVA_001 /nfs/user/wangrenyu/data/thu_ev_xmx_1/thu_ev_wav/M003HNA_F009NVA_001.wav
M030NPK_F053VNH_006 /nfs/user/wangrenyu/data/thu_ev_xmx_1/thu_ev_wav/M030NPK_F053VNH_006.wav
F037KNI_F036NAV_005 /nfs/user/wangrenyu/data/thu_ev_xmx_1/thu_ev_wav/F037KNI_F036NAV_005.wav
M029PNI_M028ANV_002 /nfs/user/wangrenyu/data/thu_ev_xmx_1/thu_ev_wav/M029PNI_M028ANV_002.wav
F050PKN_M025ANH_004 /nfs/user/wangrenyu/data/thu_ev_xmx_1/thu_ev_wav/F050PKN_M025ANH_004.wav
F053NKP_M030ANJ_007 /nfs/user/wangrenyu/data/thu_ev_xmx_1/thu_ev_wav/F053NKP_M030ANJ_007.wav
F052HNA_F051NVA_002 /nfs/user/wangrenyu/data/thu_ev_xmx_1/thu_ev_wav/F052HNA_F051NVA_002.wav
F029HNV_M016NAV_006 /nfs/user/wangrenyu/data/thu_ev_xmx_1/thu_ev_wav/F029HNV_M016NAV_006.wav
M006HNA_M007NVA_001 /nfs/user/wangrenyu/data/thu_ev_xmx_1/thu_ev_wav/M006HNA_M007NVA_001.wav
M032PNG_M033VNA_002 /nfs/user/wangrenyu/data/thu_ev_xmx_1/thu_ev_wav/M032PNG_M033VNA_002.wav
F070KNI_F071NAV_002 /nfs/user/wangrenyu/data/thu_ev_xmx_1/thu_ev_wav/F070KNI_F071NAV_002.wav
M021PKN_M022AVN_005 /nfs/user/wangrenyu/data/thu_ev_xmx_1/thu_ev_wav/M021PKN_M022AVN_005.wav
F057KPN_F058VNJ_005 /nfs/user/wangrenyu/data/thu_ev_xmx_1/thu_ev_wav/F057KPN_F058VNJ_005.wav
F053NPK_M030VNH_003 /nfs/user/wangrenyu/data/thu_ev_xmx_1/thu_ev_wav/F053NPK_M030VNH_003.wav
F051HNA_F052NVA_004 /nfs/user/wangrenyu/data/thu_ev_xmx_1/thu_ev_wav/F051HNA_F052NVA_004.wav
M010HJN_M009VNJ_002 /nfs/user/wangrenyu/data/thu_ev_xmx_1/thu_ev_wav/M010HJN_M009VNJ_002.wav
F030PKN_F031AVN_001 /nfs/user/wangrenyu/data/thu_ev_xmx_1/thu_ev_wav/F030PKN_F031AVN_001.wav
M032PNI_M033ANV_003 /nfs/user/wangrenyu/data/thu_ev_xmx_1/thu_ev_wav/M032PNI_M033ANV_003.wav
F052HNA_F051NVA_001 /nfs/user/wangrenyu/data/thu_ev_xmx_1/thu_ev_wav/F052HNA_F051NVA_001.wav
M032PNG_M033VNA_004 /nfs/user/wangrenyu/data/thu_ev_xmx_1/thu_ev_wav/M032PNG_M033VNA_004.wav
M023HNA_F040NVA_006 /nfs/user/wangrenyu/data/thu_ev_xmx_1/thu_ev_wav/M023HNA_F040NVA_006.wav
M019HJN_F024VAN_003 /nfs/user/wangrenyu/data/thu_ev_xmx_1/thu_ev_wav/M019HJN_F024VAN_003.wav
F030PKN_F031AVN_005 /nfs/user/wangrenyu/data/thu_ev_xmx_1/thu_ev_wav/F030PKN_F031AVN_005.wav
F064NPK_F063VNH_003 /nfs/user/wangrenyu/data/thu_ev_xmx_1/thu_ev_wav/F064NPK_F063VNH_003.wav
F051HNA_F052NVA_002 /nfs/user/wangrenyu/data/thu_ev_xmx_1/thu_ev_wav/F051HNA_F052NVA_002.wav
F030PNI_F031ANV_003 /nfs/user/wangrenyu/data/thu_ev_xmx_1/thu_ev_wav/F030PNI_F031ANV_003.wav
M018NHJ_M017ANJ_001 /nfs/user/wangrenyu/data/thu_ev_xmx_1/thu_ev_wav/M018NHJ_M017ANJ_001.wav
M026KPN_M027VNJ_004 /nfs/user/wangrenyu/data/thu_ev_xmx_1/thu_ev_wav/M026KPN_M027VNJ_004.wav
M018NHJ_M017ANJ_002 /nfs/user/wangrenyu/data/thu_ev_xmx_1/thu_ev_wav/M018NHJ_M017ANJ_002.wav
M022KNI_M021NAV_002 /nfs/user/wangrenyu/data/thu_ev_xmx_1/thu_ev_wav/M022KNI_M021NAV_002.wav
M027AVN_M026PKN_005 /nfs/user/wangrenyu/data/thu_ev_xmx_1/thu_ev_wav/M027AVN_M026PKN_005.wav
M018NJH_M013VNH_002 /nfs/user/wangrenyu/data/thu_ev_xmx_1/thu_ev_wav/M018NJH_M013VNH_002.wav
F031PKN_F030ANV_001 /nfs/user/wangrenyu/data/thu_ev_xmx_1/thu_ev_wav/F031PKN_F030ANV_001.wav
F047JHN_F046VAN_006 /nfs/user/wangrenyu/data/thu_ev_xmx_1/thu_ev_wav/F047JHN_M046VAN_006.wav
M014HNA_F026NVA_001 /nfs/user/wangrenyu/data/thu_ev_xmx_1/thu_ev_wav/M014HNA_F026NVA_001.wav
F028VNA_M012JNA_003 /nfs/user/wangrenyu/data/thu_ev_xmx_1/thu_ev_wav/F028VNA_M012JNA_003.wav
M031PKN_F056AVN_001 /nfs/user/wangrenyu/data/thu_ev_xmx_1/thu_ev_wav/M031PKN_F056AVN_001.wav
M031PKN_F056ANH_002 /nfs/user/wangrenyu/data/thu_ev_xmx_1/thu_ev_wav/M031PKN_F056ANH_002.wav
M030NKP_F053ANJ_001 /nfs/user/wangrenyu/data/thu_ev_xmx_1/thu_ev_wav/M030NKP_F053ANJ_001.wav
M021KNI_M022NAV_006 /nfs/user/wangrenyu/data/thu_ev_xmx_1/thu_ev_wav/M021KNI_M022NAV_006.wav
F067HNA_M034NVA_004 /nfs/user/wangrenyu/data/thu_ev_xmx_1/thu_ev_wav/F067HNA_M034NVA_004.wav
M020NJH_F023VNH_006 /nfs/user/wangrenyu/data/thu_ev_xmx_1/thu_ev_wav/M020NJH_F023VNH_006.wav
F014HJN_F015VNJ_001 /nfs/user/wangrenyu/data/thu_ev_xmx_1/thu_ev_wav/F014HJN_F015VNJ_001.wav
F027JNV_M015ANV_003 /nfs/user/wangrenyu/data/thu_ev_xmx_1/thu_ev_wav/F027JNV_M015ANV_003.wav
F060KPN_F059VAN_002 /nfs/user/wangrenyu/data/thu_ev_xmx_1/thu_ev_wav/F060KPN_F059VAN_002.wav
M002HNV_F008NAV_003 /nfs/user/wangrenyu/data/thu_ev_xmx_1/thu_ev_wav/M002HNV_F008NAV_003.wav
M032PNI_M033ANV_004 /nfs/user/wangrenyu/data/thu_ev_xmx_1/thu_ev_wav/M032PNI_M033ANV_004.wav
M008JHN_F022AVN_003 /nfs/user/wangrenyu/data/thu_ev_xmx_1/thu_ev_wav/M008JHN_F022AVN_003.wav
F047KPN_F046VAN_003 /nfs/user/wangrenyu/data/thu_ev_xmx_1/thu_ev_wav/F047KPN_F046VAN_003.wav
F037PNG_F036VNA_001 /nfs/user/wangrenyu/data/thu_ev_xmx_1/thu_ev_wav/F037PNG_F036VNA_001.wav
M027AVN_M026PKN_006 /nfs/user/wangrenyu/data/thu_ev_xmx_1/thu_ev_wav/M027AVN_M026PKN_006.wav
F050KNA_M025NVA_001 /nfs/user/wangrenyu/data/thu_ev_xmx_1/thu_ev_wav/F050KNA_M025NVA_001.wav
M018NHJ_M017ANJ_005 /nfs/user/wangrenyu/data/thu_ev_xmx_1/thu_ev_wav/M018NHJ_M017ANJ_005.wav
F052NKP_F051ANJ_002 /nfs/user/wangrenyu/data/thu_ev_xmx_1/thu_ev_wav/F052NKP_F051ANJ_002.wav
F051HNA_F052NVA_003 /nfs/user/wangrenyu/data/thu_ev_xmx_1/thu_ev_wav/F051HNA_F052NVA_003.wav
M033PNI_M032ANV_002 /nfs/user/wangrenyu/data/thu_ev_xmx_1/thu_ev_wav/M033PNI_M032ANV_002.wav
F059KPN_F060VAN_005 /nfs/user/wangrenyu/data/thu_ev_xmx_1/thu_ev_wav/F059KPN_F060VAN_005.wav
M008NHJ_F022ANJ_001 /nfs/user/wangrenyu/data/thu_ev_xmx_1/thu_ev_wav/M008NHJ_F022ANJ_001.wav
F037KNI_F036NAV_006 /nfs/user/wangrenyu/data/thu_ev_xmx_1/thu_ev_wav/F037KNI_F036NAV_006.wav
F066PNI_F065ANV_005 /nfs/user/wangrenyu/data/thu_ev_xmx_1/thu_ev_wav/F066PNI_F065ANV_005.wav
F008JHN_M002ANH_003 /nfs/user/wangrenyu/data/thu_ev_xmx_1/thu_ev_wav/F008JHN_M002ANH_003.wav
F056PKN_M031AVN_004 /nfs/user/wangrenyu/data/thu_ev_xmx_1/thu_ev_wav/F056PKN_M031AVN_004.wav
F029HJN_M016VAN_005 /nfs/user/wangrenyu/data/thu_ev_xmx_1/thu_ev_wav/F029HJN_M016VAN_005.wav
F039HJN_F038VAN_006 /nfs/user/wangrenyu/data/thu_ev_xmx_1/thu_ev_wav/F039HJN_F038VAN_006.wav
F025JHN_M011AVN_004 /nfs/user/wangrenyu/data/thu_ev_xmx_1/thu_ev_wav/F025JHN_M011AVN_004.wav
F015HJN_F014VNJ_003 /nfs/user/wangrenyu/data/thu_ev_xmx_1/thu_ev_wav/F015HJN_F014VNJ_003.wav
F067HNA_M034NVA_006 /nfs/user/wangrenyu/data/thu_ev_xmx_1/thu_ev_wav/F067HNA_M034NVA_006.wav
F063HNA_F064NVA_001 /nfs/user/wangrenyu/data/thu_ev_xmx_1/thu_ev_wav/F063HNA_F064NVA_001.wav
M028PKN_M029ANH_005 /nfs/user/wangrenyu/data/thu_ev_xmx_1/thu_ev_wav/M028PKN_M029ANH_005.wav
M022PKN_M021AVN_003 /nfs/user/wangrenyu/data/thu_ev_xmx_1/thu_ev_wav/M022PKN_M021AVN_003.wav
F024HNV_M019NAV_003 /nfs/user/wangrenyu/data/thu_ev_xmx_1/thu_ev_wav/F024HNV_M019NAV_003.wav
F046KPN_F047VAN_004 /nfs/user/wangrenyu/data/thu_ev_xmx_1/thu_ev_wav/F046KPN_F047VAN_004.wav
F055KNI_F054NAV_004 /nfs/user/wangrenyu/data/thu_ev_xmx_1/thu_ev_wav/F055KNI_F054NAV_004.wav
F042NKP_F043ANJ_005 /nfs/user/wangrenyu/data/thu_ev_xmx_1/thu_ev_wav/F042NKP_F043ANJ_005.wav
F048JNV_F049ANV_002 /nfs/user/wangrenyu/data/thu_ev_xmx_1/thu_ev_wav/F048JNV_F049ANV_002.wav
F026HJN_M014VNJ_006 /nfs/user/wangrenyu/data/thu_ev_xmx_1/thu_ev_wav/F026HJN_M014VNJ_006.wav
F031PKN_F030ANV_002 /nfs/user/wangrenyu/data/thu_ev_xmx_1/thu_ev_wav/F031PKN_F030ANV_002.wav
M024KPN_F041VNJ_005 /nfs/user/wangrenyu/data/thu_ev_xmx_1/thu_ev_wav/M024KPN_F041VNJ_005.wav
F040PNG_M023VNA_001 /nfs/user/wangrenyu/data/thu_ev_xmx_1/thu_ev_wav/F040PNG_M023VNA_001.wav
M034PNI_F067ANV_002 /nfs/user/wangrenyu/data/thu_ev_xmx_1/thu_ev_wav/M034PNI_F067ANV_002.wav
F032NKP_F033ANJ_002 /nfs/user/wangrenyu/data/thu_ev_xmx_1/thu_ev_wav/F032NKP_F033ANJ_002.wav
F052NKP_F051ANJ_003 /nfs/user/wangrenyu/data/thu_ev_xmx_1/thu_ev_wav/F052NKP_F051ANJ_003.wav
M011JNV_F025ANV_004 /nfs/user/wangrenyu/data/thu_ev_xmx_1/thu_ev_wav/M011JNV_F025ANV_004.wav
M015JHN_F027AVN_004 /nfs/user/wangrenyu/data/thu_ev_xmx_1/thu_ev_wav/M015JHN_F027AVN_004.wav
F025JHN_M011AVN_001 /nfs/user/wangrenyu/data/thu_ev_xmx_1/thu_ev_wav/F025JHN_M011AVN_001.wav
M025KNA_F050NVA_003 /nfs/user/wangrenyu/data/thu_ev_xmx_1/thu_ev_wav/M025KNA_F050NVA_003.wav
M018NHJ_M017ANJ_004 /nfs/user/wangrenyu/data/thu_ev_xmx_1/thu_ev_wav/M018NHJ_M017ANJ_004.wav
F066PNI_F065ANV_002 /nfs/user/wangrenyu/data/thu_ev_xmx_1/thu_ev_wav/F066PNI_F065ANV_002.wav
F067PNI_M034ANV_002 /nfs/user/wangrenyu/data/thu_ev_xmx_1/thu_ev_wav/F067PNI_M034ANV_002.wav
F071KNI_F070NAV_001 /nfs/user/wangrenyu/data/thu_ev_xmx_1/thu_ev_wav/F071KNI_F070NAV_001.wav
M012JNA_F028VNA_005 /nfs/user/wangrenyu/data/thu_ev_xmx_1/thu_ev_wav/M012JNA_F028VNA_005.wav
F033NKP_F032ANJ_002 /nfs/user/wangrenyu/data/thu_ev_xmx_1/thu_ev_wav/F033NKP_F032ANJ_002.wav
F070KNI_F071NAV_005 /nfs/user/wangrenyu/data/thu_ev_xmx_1/thu_ev_wav/F070KNI_F071NAV_005.wav
F069NKP_F068ANJ_001 /nfs/user/wangrenyu/data/thu_ev_xmx_1/thu_ev_wav/F069NKP_F068ANJ_001.wav
M014HNA_F026NVA_003 /nfs/user/wangrenyu/data/thu_ev_xmx_1/thu_ev_wav/M014HNA_F026NVA_003.wav
F027JNV_M015ANV_005 /nfs/user/wangrenyu/data/thu_ev_xmx_1/thu_ev_wav/F027JNV_M015ANV_005.wav
F018JNA_F019VNA_002 /nfs/user/wangrenyu/data/thu_ev_xmx_1/thu_ev_wav/F018JNA_F019VNA_002.wav
F004HNA_F005NVA_006 /nfs/user/wangrenyu/data/thu_ev_xmx_1/thu_ev_wav/F004HNA_F005NVA_006.wav
F054KNI_F055NAV_006 /nfs/user/wangrenyu/data/thu_ev_xmx_1/thu_ev_wav/F054KNI_F055NAV_006.wav
F007HNA_F006NVA_001 /nfs/user/wangrenyu/data/thu_ev_xmx_1/thu_ev_wav/F007HNA_F006NVA_001.wav
M021PKN_M022AVN_004 /nfs/user/wangrenyu/data/thu_ev_xmx_1/thu_ev_wav/M021PKN_M022AVN_004.wav
M016HJN_F029VAN_004 /nfs/user/wangrenyu/data/thu_ev_xmx_1/thu_ev_wav/M016HJN_F029VAN_004.wav
M034HNA_F067NVA_005 /nfs/user/wangrenyu/data/thu_ev_xmx_1/thu_ev_wav/M034HNA_F067NVA_005.wav
M015JNV_F027ANV_002 /nfs/user/wangrenyu/data/thu_ev_xmx_1/thu_ev_wav/M015JNV_F027ANV_002.wav
F046KPN_F047VAN_003 /nfs/user/wangrenyu/data/thu_ev_xmx_1/thu_ev_wav/F046KPN_F047VAN_003.wav
F010HJN_M004VNJ_001 /nfs/user/wangrenyu/data/thu_ev_xmx_1/thu_ev_wav/F010HJN_M004VNJ_001.wav
F027JHN_M015AVN_003 /nfs/user/wangrenyu/data/thu_ev_xmx_1/thu_ev_wav/F027JHN_M015AVN_003.wav
F043NKP_F042ANJ_001 /nfs/user/wangrenyu/data/thu_ev_xmx_1/thu_ev_wav/F043NKP_F042ANJ_001.wav
F065PKN_F066ANH_001 /nfs/user/wangrenyu/data/thu_ev_xmx_1/thu_ev_wav/F065PKN_F066ANH_001.wav
F034KPN_F035VAN_005 /nfs/user/wangrenyu/data/thu_ev_xmx_1/thu_ev_wav/F034KPN_F035VAN_005.wav
F009NJH_M003VNH_002 /nfs/user/wangrenyu/data/thu_ev_xmx_1/thu_ev_wav/F009NJH_M003VNH_002.wav
M011JHN_F025AVN_004 /nfs/user/wangrenyu/data/thu_ev_xmx_1/thu_ev_wav/M011JHN_F025AVN_004.wav
F008HNV_M002NAV_002 /nfs/user/wangrenyu/data/thu_ev_xmx_1/thu_ev_wav/F008HNV_M002NAV_002.wav
F003JHN_M001VAN_001 /nfs/user/wangrenyu/data/thu_ev_xmx_1/thu_ev_wav/F003JHN_M001VAN_001.wav
F027JHN_M015AVN_004 /nfs/user/wangrenyu/data/thu_ev_xmx_1/thu_ev_wav/F027JHN_M015AVN_004.wav
F050KNA_M025NVA_002 /nfs/user/wangrenyu/data/thu_ev_xmx_1/thu_ev_wav/F050KNA_M025NVA_002.wav
F043KNA_F042NVA_006 /nfs/user/wangrenyu/data/thu_ev_xmx_1/thu_ev_wav/F043KNA_F042NVA_006.wav
F028ANJ_M012NHJ_006 /nfs/user/wangrenyu/data/thu_ev_xmx_1/thu_ev_wav/F028ANJ_M012NHJ_006.wav
F029HNV_M016NAV_004 /nfs/user/wangrenyu/data/thu_ev_xmx_1/thu_ev_wav/F029HNV_M016NAV_004.wav
M007JNV_M006ANV_003 /nfs/user/wangrenyu/data/thu_ev_xmx_1/thu_ev_wav/M007JNV_M006ANV_003.wav
M025KNA_F050NVA_002 /nfs/user/wangrenyu/data/thu_ev_xmx_1/thu_ev_wav/M025KNA_F050NVA_002.wav
M015JHN_F027AVN_002 /nfs/user/wangrenyu/data/thu_ev_xmx_1/thu_ev_wav/M015JHN_F027AVN_002.wav
F043KNA_F042NVA_001 /nfs/user/wangrenyu/data/thu_ev_xmx_1/thu_ev_wav/F043KNA_F042NVA_001.wav
M013NJH_M018VNH_004 /nfs/user/wangrenyu/data/thu_ev_xmx_1/thu_ev_wav/M013NJH_M018VNH_004.wav
F034HNA_F035NVA_002 /nfs/user/wangrenyu/data/thu_ev_xmx_1/thu_ev_wav/F034HNA_F035NVA_002.wav
M007HNA_M006NVA_001 /nfs/user/wangrenyu/data/thu_ev_xmx_1/thu_ev_wav/M007HNA_M006NVA_001.wav
F047KPN_F046VAN_002 /nfs/user/wangrenyu/data/thu_ev_xmx_1/thu_ev_wav/F047KPN_F046VAN_002.wav
M013JHN_M018ANH_004 /nfs/user/wangrenyu/data/thu_ev_xmx_1/thu_ev_wav/M013JHN_M018ANH_004.wav
F021JHN_F020AVN_002 /nfs/user/wangrenyu/data/thu_ev_xmx_1/thu_ev_wav/F021JHN_F020AVN_002.wav
M016HJN_F029VAN_003 /nfs/user/wangrenyu/data/thu_ev_xmx_1/thu_ev_wav/M016HJN_F029VAN_003.wav
F002HJN_F001VAN_001 /nfs/user/wangrenyu/data/thu_ev_xmx_1/thu_ev_wav/F002HJN_F001VAN_001.wav
F029HJN_M016VAN_004 /nfs/user/wangrenyu/data/thu_ev_xmx_1/thu_ev_wav/F029HJN_M016VAN_004.wav
F042NKP_F043ANJ_004 /nfs/user/wangrenyu/data/thu_ev_xmx_1/thu_ev_wav/F042NKP_F043ANJ_004.wav
M019HJN_F024VAN_002 /nfs/user/wangrenyu/data/thu_ev_xmx_1/thu_ev_wav/M019HJN_F024VAN_002.wav
M002HNV_F008NAV_002 /nfs/user/wangrenyu/data/thu_ev_xmx_1/thu_ev_wav/M002HNV_F008NAV_002.wav
F027JHN_M015AVN_002 /nfs/user/wangrenyu/data/thu_ev_xmx_1/thu_ev_wav/F027JHN_M015AVN_002.wav
F055KNI_F054NAV_001 /nfs/user/wangrenyu/data/thu_ev_xmx_1/thu_ev_wav/F055KNI_F054NAV_001.wav
F030PNI_F031ANV_004 /nfs/user/wangrenyu/data/thu_ev_xmx_1/thu_ev_wav/F030PNI_F031ANV_004.wav
F045NKP_F044ANJ_003 /nfs/user/wangrenyu/data/thu_ev_xmx_1/thu_ev_wav/F045NKP_F044ANJ_003.wav
M001JHN_F003VAN_002 /nfs/user/wangrenyu/data/thu_ev_xmx_1/thu_ev_wav/M001JHN_F003VAN_002.wav
M018NHJ_M017ANJ_006 /nfs/user/wangrenyu/data/thu_ev_xmx_1/thu_ev_wav/M018NHJ_M017ANJ_006.wav
M025KNA_F050NVA_001 /nfs/user/wangrenyu/data/thu_ev_xmx_1/thu_ev_wav/M025KNA_F050NVA_001.wav
F046JHN_M047VAN_002 /nfs/user/wangrenyu/data/thu_ev_xmx_1/thu_ev_wav/F046JHN_M047VAN_002.wav
M004HJN_F010VNH_003 /nfs/user/wangrenyu/data/thu_ev_xmx_1/thu_ev_wav/M004HJN_F010VNH_003.wav
F044NPK_F045VNH_003 /nfs/user/wangrenyu/data/thu_ev_xmx_1/thu_ev_wav/F044NPK_F045VNH_003.wav
F011JAN_M005AVN_001 /nfs/user/wangrenyu/data/thu_ev_xmx_1/thu_ev_wav/F011JAN_M005AVN_001.wav
M014HJN_F026VNJ_001 /nfs/user/wangrenyu/data/thu_ev_xmx_1/thu_ev_wav/M014HJN_F026VNJ_001.wav
F033NKP_F032ANJ_004 /nfs/user/wangrenyu/data/thu_ev_xmx_1/thu_ev_wav/F033NKP_F032ANJ_004.wav
F055KNI_F054NAV_007 /nfs/user/wangrenyu/data/thu_ev_xmx_1/thu_ev_wav/F055KNI_F054NAV_007.wav
F067PNI_M034ANV_006 /nfs/user/wangrenyu/data/thu_ev_xmx_1/thu_ev_wav/F067PNI_M034ANV_006.wav
F062KNA_F061NVA_002 /nfs/user/wangrenyu/data/thu_ev_xmx_1/thu_ev_wav/F062KNA_F061NVA_002.wav
F049KNI_F048NAV_003 /nfs/user/wangrenyu/data/thu_ev_xmx_1/thu_ev_wav/F049KNI_F048NAV_003.wav
M024HNA_F041NVA_001 /nfs/user/wangrenyu/data/thu_ev_xmx_1/thu_ev_wav/M024HNA_F041NVA_001.wav
F065PNI_F066ANV_006 /nfs/user/wangrenyu/data/thu_ev_xmx_1/thu_ev_wav/F065PNI_F066ANV_006.wav
M023HNA_F040NVA_003 /nfs/user/wangrenyu/data/thu_ev_xmx_1/thu_ev_wav/M023HNA_F040NVA_003.wav
F054KNI_F055NAV_003 /nfs/user/wangrenyu/data/thu_ev_xmx_1/thu_ev_wav/F054KNI_F055NAV_003.wav
F056PKN_M031ANH_005 /nfs/user/wangrenyu/data/thu_ev_xmx_1/thu_ev_wav/F056PKN_M031ANH_005.wav
F053NKP_M030ANJ_003 /nfs/user/wangrenyu/data/thu_ev_xmx_1/thu_ev_wav/F053NKP_M030ANJ_003.wav
F041NVA_M024HNA_001 /nfs/user/wangrenyu/data/thu_ev_xmx_1/thu_ev_wav/F041NVA_M024HNA_001.wav
M014HNA_F026NVA_005 /nfs/user/wangrenyu/data/thu_ev_xmx_1/thu_ev_wav/M014HNA_F026NVA_005.wav
F044NKP_F045ANJ_005 /nfs/user/wangrenyu/data/thu_ev_xmx_1/thu_ev_wav/F044NKP_F045ANJ_005.wav
M034HNA_F067NVA_001 /nfs/user/wangrenyu/data/thu_ev_xmx_1/thu_ev_wav/M034HNA_F067NVA_001.wav
M018JHN_M013ANH_006 /nfs/user/wangrenyu/data/thu_ev_xmx_1/thu_ev_wav/M018JHN_M013ANH_006.wav
F035KPN_F034VAN_002 /nfs/user/wangrenyu/data/thu_ev_xmx_1/thu_ev_wav/F035KPN_F034VAN_002.wav
F030PKN_F031AVN_006 /nfs/user/wangrenyu/data/thu_ev_xmx_1/thu_ev_wav/F030PKN_F031AVN_006.wav
F051NKP_F052ANJ_004 /nfs/user/wangrenyu/data/thu_ev_xmx_1/thu_ev_wav/F051NKP_F052ANJ_004.wav
F064HNA_F063NVA_001 /nfs/user/wangrenyu/data/thu_ev_xmx_1/thu_ev_wav/F064HNA_F063NVA_001.wav
F054PNI_F055ANV_005 /nfs/user/wangrenyu/data/thu_ev_xmx_1/thu_ev_wav/F054PNI_F055ANV_005.wav
F049JNV_F048ANV_006 /nfs/user/wangrenyu/data/thu_ev_xmx_1/thu_ev_wav/F049JNV_F048ANV_006.wav
M028PNI_M029ANV_002 /nfs/user/wangrenyu/data/thu_ev_xmx_1/thu_ev_wav/M028PNI_M029ANV_002.wav
M012NHJ_F028ANJ_002 /nfs/user/wangrenyu/data/thu_ev_xmx_1/thu_ev_wav/M012NHJ_F028ANJ_002.wav
M018JHN_M013ANH_001 /nfs/user/wangrenyu/data/thu_ev_xmx_1/thu_ev_wav/M018JHN_M013ANH_001.wav
M016HNV_F029NAV_005 /nfs/user/wangrenyu/data/thu_ev_xmx_1/thu_ev_wav/M016HNV_F029NAV_005.wav
M013JHN_M018ANH_002 /nfs/user/wangrenyu/data/thu_ev_xmx_1/thu_ev_wav/M013JHN_M018ANH_002.wav
F049JNV_F048ANV_003 /nfs/user/wangrenyu/data/thu_ev_xmx_1/thu_ev_wav/F049JNV_F048ANV_003.wav
F049KNI_F048NAV_004 /nfs/user/wangrenyu/data/thu_ev_xmx_1/thu_ev_wav/F049KNI_F048NAV_004.wav
F070NKP_F071ANJ_006 /nfs/user/wangrenyu/data/thu_ev_xmx_1/thu_ev_wav/F070NKP_F071ANJ_006.wav
F067HNA_M034NVA_005 /nfs/user/wangrenyu/data/thu_ev_xmx_1/thu_ev_wav/F067HNA_M034NVA_005.wav
F023NJH_M020VNH_002 /nfs/user/wangrenyu/data/thu_ev_xmx_1/thu_ev_wav/F023NJH_M020VNH_002.wav
F009HNA_M003NVA_003 /nfs/user/wangrenyu/data/thu_ev_xmx_1/thu_ev_wav/F009HNA_M003NVA_003.wav
F054KNI_F055NAV_005 /nfs/user/wangrenyu/data/thu_ev_xmx_1/thu_ev_wav/F054KNI_F055NAV_005.wav
F053NKP_M030ANJ_001 /nfs/user/wangrenyu/data/thu_ev_xmx_1/thu_ev_wav/F053NKP_M030ANJ_001.wav
F063HNA_F064NVA_002 /nfs/user/wangrenyu/data/thu_ev_xmx_1/thu_ev_wav/F063HNA_F064NVA_002.wav
M032PNG_M033VNA_003 /nfs/user/wangrenyu/data/thu_ev_xmx_1/thu_ev_wav/M032PNG_M033VNA_003.wav
F008HNV_M002NAV_003 /nfs/user/wangrenyu/data/thu_ev_xmx_1/thu_ev_wav/F008HNV_M002NAV_003.wav
M031PKN_F056AVN_003 /nfs/user/wangrenyu/data/thu_ev_xmx_1/thu_ev_wav/M031PKN_F056AVN_003.wav
F060KPN_F059VAN_006 /nfs/user/wangrenyu/data/thu_ev_xmx_1/thu_ev_wav/F060KPN_F059VAN_006.wav
M018JHN_M013ANH_002 /nfs/user/wangrenyu/data/thu_ev_xmx_1/thu_ev_wav/M018JHN_M013ANH_002.wav
F044NKP_F045ANJ_002 /nfs/user/wangrenyu/data/thu_ev_xmx_1/thu_ev_wav/F044NKP_F045ANJ_002.wav
M018JNA_M017VNA_002 /nfs/user/wangrenyu/data/thu_ev_xmx_1/thu_ev_wav/M018JNA_M017VNA_002.wav
F053NPK_M030VNH_001 /nfs/user/wangrenyu/data/thu_ev_xmx_1/thu_ev_wav/F053NPK_M030VNH_001.wav
M021PKN_M022AVN_002 /nfs/user/wangrenyu/data/thu_ev_xmx_1/thu_ev_wav/M021PKN_M022AVN_002.wav
F028ANJ_M012NHJ_005 /nfs/user/wangrenyu/data/thu_ev_xmx_1/thu_ev_wav/F028ANJ_M012NHJ_005.wav
F048JNV_F049ANV_001 /nfs/user/wangrenyu/data/thu_ev_xmx_1/thu_ev_wav/F048JNV_F049ANV_001.wav
M018JNA_M017VNA_001 /nfs/user/wangrenyu/data/thu_ev_xmx_1/thu_ev_wav/M018JNA_M017VNA_001.wav
M017NHJ_M018ANJ_005 /nfs/user/wangrenyu/data/thu_ev_xmx_1/thu_ev_wav/M017NHJ_M018ANJ_005.wav
F053NKP_M030ANJ_004 /nfs/user/wangrenyu/data/thu_ev_xmx_1/thu_ev_wav/F053NKP_M030ANJ_004.wav
F040PNG_M023VNA_007 /nfs/user/wangrenyu/data/thu_ev_xmx_1/thu_ev_wav/F040PNG_M023VNA_007.wav
F019JHN_F018ANH_001 /nfs/user/wangrenyu/data/thu_ev_xmx_1/thu_ev_wav/F019JHN_F018ANH_001.wav
F068PKN_F069ANH_003 /nfs/user/wangrenyu/data/thu_ev_xmx_1/thu_ev_wav/F068PKN_F069ANH_003.wav
F046KPN_F047VAN_006 /nfs/user/wangrenyu/data/thu_ev_xmx_1/thu_ev_wav/F046KPN_F047VAN_006.wav
M001JHN_F003VAN_001 /nfs/user/wangrenyu/data/thu_ev_xmx_1/thu_ev_wav/M001JHN_F003VAN_001.wav
F065PKN_F066ANH_006 /nfs/user/wangrenyu/data/thu_ev_xmx_1/thu_ev_wav/F065PKN_F066ANH_006.wav
F023JHN_M020ANH_004 /nfs/user/wangrenyu/data/thu_ev_xmx_1/thu_ev_wav/F023JHN_M020ANH_004.wav
F058KPN_F057VNJ_003 /nfs/user/wangrenyu/data/thu_ev_xmx_1/thu_ev_wav/F058KPN_F057VNJ_003.wav
F057KPN_F058VAN_002 /nfs/user/wangrenyu/data/thu_ev_xmx_1/thu_ev_wav/F057KPN_F058VAN_002.wav
F045NPK_F044VNH_006 /nfs/user/wangrenyu/data/thu_ev_xmx_1/thu_ev_wav/F045NPK_F044VNH_006.wav
F014HJN_F015VNJ_003 /nfs/user/wangrenyu/data/thu_ev_xmx_1/thu_ev_wav/F014HJN_F015VNJ_003.wav
M016HNV_F029NAV_004 /nfs/user/wangrenyu/data/thu_ev_xmx_1/thu_ev_wav/M016HNV_F029NAV_004.wav
F026HNA_M014NVA_006 /nfs/user/wangrenyu/data/thu_ev_xmx_1/thu_ev_wav/F026HNA_M014NVA_006.wav
F034HNA_F035NVA_003 /nfs/user/wangrenyu/data/thu_ev_xmx_1/thu_ev_wav/F034HNA_F035NVA_003.wav
M009HJN_M010VNJ_002 /nfs/user/wangrenyu/data/thu_ev_xmx_1/thu_ev_wav/M009HJN_M010VNJ_002.wav
F001JHN_F002ANH_003 /nfs/user/wangrenyu/data/thu_ev_xmx_1/thu_ev_wav/F001JHN_F002ANH_003.wav
M029PNI_M028ANV_004 /nfs/user/wangrenyu/data/thu_ev_xmx_1/thu_ev_wav/M029PNI_M028ANV_004.wav
F054PNI_F055ANV_004 /nfs/user/wangrenyu/data/thu_ev_xmx_1/thu_ev_wav/F054PNI_F055ANV_004.wav
F015JNV_F014VNA_003 /nfs/user/wangrenyu/data/thu_ev_xmx_1/thu_ev_wav/F015JNV_F014VNA_003.wav
F006NHJ_F007ANJ_002 /nfs/user/wangrenyu/data/thu_ev_xmx_1/thu_ev_wav/F006NHJ_F007ANJ_002.wav
F064NPK_F063VNH_002 /nfs/user/wangrenyu/data/thu_ev_xmx_1/thu_ev_wav/F064NPK_F063VNH_002.wav
F059HNA_F060NVA_005 /nfs/user/wangrenyu/data/thu_ev_xmx_1/thu_ev_wav/F059HNA_F060NVA_005.wav
F058KPN_F057VAN_005 /nfs/user/wangrenyu/data/thu_ev_xmx_1/thu_ev_wav/F058KPN_F057VAN_005.wav
F057KPN_F058VNJ_001 /nfs/user/wangrenyu/data/thu_ev_xmx_1/thu_ev_wav/F057KPN_F058VNJ_001.wav
F029HNV_M016NAV_003 /nfs/user/wangrenyu/data/thu_ev_xmx_1/thu_ev_wav/F029HNV_M016NAV_003.wav
F035KPN_F034VAN_003 /nfs/user/wangrenyu/data/thu_ev_xmx_1/thu_ev_wav/F035KPN_F034VAN_003.wav
M034HNA_F067NVA_002 /nfs/user/wangrenyu/data/thu_ev_xmx_1/thu_ev_wav/M034HNA_F067NVA_002.wav
F035HNA_F034NVA_002 /nfs/user/wangrenyu/data/thu_ev_xmx_1/thu_ev_wav/F035HNA_F034NVA_002.wav
F017JHN_F016ANH_003 /nfs/user/wangrenyu/data/thu_ev_xmx_1/thu_ev_wav/F017JHN_F016ANH_003.wav
F069PKN_F068ANH_002 /nfs/user/wangrenyu/data/thu_ev_xmx_1/thu_ev_wav/F069PKN_F068ANH_002.wav
F019JNA_F018VNA_003 /nfs/user/wangrenyu/data/thu_ev_xmx_1/thu_ev_wav/F019JNA_F018VNA_003.wav
F055KNI_F054NAV_006 /nfs/user/wangrenyu/data/thu_ev_xmx_1/thu_ev_wav/F055KNI_F054NAV_006.wav
F071KNI_F070NAV_002 /nfs/user/wangrenyu/data/thu_ev_xmx_1/thu_ev_wav/F071KNI_F070NAV_002.wav
M019HJN_F024VAN_005 /nfs/user/wangrenyu/data/thu_ev_xmx_1/thu_ev_wav/M019HJN_F024VAN_005.wav
F044NPK_F045VNH_005 /nfs/user/wangrenyu/data/thu_ev_xmx_1/thu_ev_wav/F044NPK_F045VNH_005.wav
F026HNA_M014NVA_003 /nfs/user/wangrenyu/data/thu_ev_xmx_1/thu_ev_wav/F026HNA_M014NVA_003.wav
F027JHN_M015AVN_001 /nfs/user/wangrenyu/data/thu_ev_xmx_1/thu_ev_wav/F027JHN_M015AVN_001.wav
F033PKN_F032ANH_006 /nfs/user/wangrenyu/data/thu_ev_xmx_1/thu_ev_wav/F033PKN_F032ANH_006.wav
M018JNA_M017VNA_003 /nfs/user/wangrenyu/data/thu_ev_xmx_1/thu_ev_wav/M018JNA_M017VNA_003.wav
F058KPN_F057VNJ_005 /nfs/user/wangrenyu/data/thu_ev_xmx_1/thu_ev_wav/F058KPN_F057VNJ_005.wav
F005HNA_F004NVA_002 /nfs/user/wangrenyu/data/thu_ev_xmx_1/thu_ev_wav/F005HNA_F004NVA_002.wav
M006HNA_M007NVA_002 /nfs/user/wangrenyu/data/thu_ev_xmx_1/thu_ev_wav/M006HNA_M007NVA_002.wav
F022JHN_M008AVN_002 /nfs/user/wangrenyu/data/thu_ev_xmx_1/thu_ev_wav/F022JHN_M008AVN_002.wav
F051HNA_F052NVA_006 /nfs/user/wangrenyu/data/thu_ev_xmx_1/thu_ev_wav/F051HNA_F052NVA_006.wav
F029HNV_M016NAV_005 /nfs/user/wangrenyu/data/thu_ev_xmx_1/thu_ev_wav/F029HNV_M016NAV_005.wav
F057KPN_F058VNJ_002 /nfs/user/wangrenyu/data/thu_ev_xmx_1/thu_ev_wav/F057KPN_F058VNJ_002.wav
M025PKN_F050ANH_005 /nfs/user/wangrenyu/data/thu_ev_xmx_1/thu_ev_wav/M025PKN_F050ANH_005.wav
F006HNA_F007NVA_003 /nfs/user/wangrenyu/data/thu_ev_xmx_1/thu_ev_wav/F006HNA_F007NVA_003.wav
F031PNI_F030ANV_002 /nfs/user/wangrenyu/data/thu_ev_xmx_1/thu_ev_wav/F031PNI_F030ANV_002.wav
M034HNA_F067NVA_006 /nfs/user/wangrenyu/data/thu_ev_xmx_1/thu_ev_wav/M034HNA_F067NVA_006.wav
F048KNI_F049NAV_001 /nfs/user/wangrenyu/data/thu_ev_xmx_1/thu_ev_wav/F048KNI_F049NAV_001.wav
F001HJN_F002VAN_001 /nfs/user/wangrenyu/data/thu_ev_xmx_1/thu_ev_wav/F001HJN_F002VAN_001.wav
F036PNG_F037VNA_004 /nfs/user/wangrenyu/data/thu_ev_xmx_1/thu_ev_wav/F036PNG_F037VNA_004.wav
F048JNV_F049ANV_005 /nfs/user/wangrenyu/data/thu_ev_xmx_1/thu_ev_wav/F048JNV_F049ANV_005.wav
F046KPN_F047VAN_005 /nfs/user/wangrenyu/data/thu_ev_xmx_1/thu_ev_wav/F046KPN_F047VAN_005.wav
F038HNA_F039NVA_005 /nfs/user/wangrenyu/data/thu_ev_xmx_1/thu_ev_wav/F038HNA_F039NVA_005.wav
M010HJN_M009VNJ_003 /nfs/user/wangrenyu/data/thu_ev_xmx_1/thu_ev_wav/M010HJN_M009VNJ_003.wav
F009HNA_M003NVA_002 /nfs/user/wangrenyu/data/thu_ev_xmx_1/thu_ev_wav/F009HNA_M003NVA_002.wav
F071KNI_F070NAV_005 /nfs/user/wangrenyu/data/thu_ev_xmx_1/thu_ev_wav/F071KNI_F070NAV_005.wav
F012HNA_F013NVA_001 /nfs/user/wangrenyu/data/thu_ev_xmx_1/thu_ev_wav/F012HNA_F013NVA_001.wav
F055KNI_F054NAV_002 /nfs/user/wangrenyu/data/thu_ev_xmx_1/thu_ev_wav/F055KNI_F054NAV_002.wav
M028PKN_M029ANH_006 /nfs/user/wangrenyu/data/thu_ev_xmx_1/thu_ev_wav/M028PKN_M029ANH_006.wav
F003HNA_M001NVA_003 /nfs/user/wangrenyu/data/thu_ev_xmx_1/thu_ev_wav/F003HNA_M001NVA_003.wav
F042NKP_F043ANJ_003 /nfs/user/wangrenyu/data/thu_ev_xmx_1/thu_ev_wav/F042NKP_F043ANJ_003.wav
M018JNA_M017VNA_004 /nfs/user/wangrenyu/data/thu_ev_xmx_1/thu_ev_wav/M018JNA_M017VNA_004.wav
M023PNG_F040VNA_003 /nfs/user/wangrenyu/data/thu_ev_xmx_1/thu_ev_wav/M023PNG_F040VNA_003.wav
F004HNA_F005NVA_003 /nfs/user/wangrenyu/data/thu_ev_xmx_1/thu_ev_wav/F004HNA_F005NVA_003.wav
F041KPN_M024VNJ_007 /nfs/user/wangrenyu/data/thu_ev_xmx_1/thu_ev_wav/F041KPN_M024VNJ_007.wav
F031PKN_F030ANV_005 /nfs/user/wangrenyu/data/thu_ev_xmx_1/thu_ev_wav/F031PKN_F030ANV_005.wav
M020JHN_F023ANH_004 /nfs/user/wangrenyu/data/thu_ev_xmx_1/thu_ev_wav/M020JHN_F023ANH_004.wav
F039HNA_F038NVA_006 /nfs/user/wangrenyu/data/thu_ev_xmx_1/thu_ev_wav/F039HNA_F038NVA_006.wav
M024HNA_F041NVA_005 /nfs/user/wangrenyu/data/thu_ev_xmx_1/thu_ev_wav/M024HNA_F041NVA_005.wav
M017NHJ_M018ANJ_004 /nfs/user/wangrenyu/data/thu_ev_xmx_1/thu_ev_wav/M017NHJ_M018ANJ_004.wav
M033PNG_M032VNA_003 /nfs/user/wangrenyu/data/thu_ev_xmx_1/thu_ev_wav/M033PNG_M032VNA_003.wav
F038HNA_F039NVA_006 /nfs/user/wangrenyu/data/thu_ev_xmx_1/thu_ev_wav/F038HNA_F039NVA_006.wav
M023HNA_F040NVA_004 /nfs/user/wangrenyu/data/thu_ev_xmx_1/thu_ev_wav/M023HNA_F040NVA_004.wav
F062HNA_F061NVA_002 /nfs/user/wangrenyu/data/thu_ev_xmx_1/thu_ev_wav/F062HNA_F061NVA_002.wav
F058KPN_F057VAN_003 /nfs/user/wangrenyu/data/thu_ev_xmx_1/thu_ev_wav/F058KPN_F057VAN_003.wav
F007NHJ_F006ANJ_002 /nfs/user/wangrenyu/data/thu_ev_xmx_1/thu_ev_wav/F007NHJ_F006ANJ_002.wav
F033PKN_F032ANH_004 /nfs/user/wangrenyu/data/thu_ev_xmx_1/thu_ev_wav/F033PKN_F032ANH_004.wav
F033PKN_F032ANH_001 /nfs/user/wangrenyu/data/thu_ev_xmx_1/thu_ev_wav/F033PKN_F032ANH_001.wav
F039HNA_F038NVA_002 /nfs/user/wangrenyu/data/thu_ev_xmx_1/thu_ev_wav/F039HNA_F038NVA_002.wav
F042KNA_F043NVA_002 /nfs/user/wangrenyu/data/thu_ev_xmx_1/thu_ev_wav/F042KNA_F043NVA_002.wav
M030NPK_F053VNH_002 /nfs/user/wangrenyu/data/thu_ev_xmx_1/thu_ev_wav/M030NPK_F053VNH_002.wav
F036PNG_F037VNA_005 /nfs/user/wangrenyu/data/thu_ev_xmx_1/thu_ev_wav/F036PNG_F037VNA_005.wav
F045NPK_F044VNH_004 /nfs/user/wangrenyu/data/thu_ev_xmx_1/thu_ev_wav/F045NPK_F044VNH_004.wav
F018JNA_F019VNA_003 /nfs/user/wangrenyu/data/thu_ev_xmx_1/thu_ev_wav/F018JNA_F019VNA_003.wav
F068NKP_F069ANJ_001 /nfs/user/wangrenyu/data/thu_ev_xmx_1/thu_ev_wav/F068NKP_F069ANJ_001.wav
M034PNI_F067ANV_001 /nfs/user/wangrenyu/data/thu_ev_xmx_1/thu_ev_wav/M034PNI_F067ANV_001.wav
F067PNI_M034ANV_005 /nfs/user/wangrenyu/data/thu_ev_xmx_1/thu_ev_wav/F067PNI_M034ANV_005.wav
M010HJN_M009VAN_003 /nfs/user/wangrenyu/data/thu_ev_xmx_1/thu_ev_wav/M010HJN_M009VAN_003.wav
F070KNI_F071NAV_003 /nfs/user/wangrenyu/data/thu_ev_xmx_1/thu_ev_wav/F070KNI_F071NAV_003.wav
M021KNI_M022NAV_005 /nfs/user/wangrenyu/data/thu_ev_xmx_1/thu_ev_wav/M021KNI_M022NAV_005.wav
F011NJH_M005VNH_002 /nfs/user/wangrenyu/data/thu_ev_xmx_1/thu_ev_wav/F011NJH_M005VNH_002.wav
F030PKN_F031AVN_004 /nfs/user/wangrenyu/data/thu_ev_xmx_1/thu_ev_wav/F030PKN_F031AVN_004.wav
F004HNA_F005NVA_005 /nfs/user/wangrenyu/data/thu_ev_xmx_1/thu_ev_wav/F004HNA_F005NVA_005.wav
F068PKN_F069ANH_001 /nfs/user/wangrenyu/data/thu_ev_xmx_1/thu_ev_wav/F068PKN_F069ANH_001.wav
F031PNI_F030ANV_005 /nfs/user/wangrenyu/data/thu_ev_xmx_1/thu_ev_wav/F031PNI_F030ANV_005.wav
F024HJN_M019VAN_001 /nfs/user/wangrenyu/data/thu_ev_xmx_1/thu_ev_wav/F024HJN_M019VAN_001.wav
M004HJN_F010VNH_002 /nfs/user/wangrenyu/data/thu_ev_xmx_1/thu_ev_wav/M004HJN_F010VNH_002.wav
F071NKP_F070ANJ_004 /nfs/user/wangrenyu/data/thu_ev_xmx_1/thu_ev_wav/F071NKP_F070ANJ_004.wav
F021JNA_F020VNA_002 /nfs/user/wangrenyu/data/thu_ev_xmx_1/thu_ev_wav/F021JNA_F020VNA_002.wav
M005NJH_F011VNH_002 /nfs/user/wangrenyu/data/thu_ev_xmx_1/thu_ev_wav/M005NJH_F011VNH_002.wav
F025JHN_M011AVN_005 /nfs/user/wangrenyu/data/thu_ev_xmx_1/thu_ev_wav/F025JHN_M011AVN_005.wav
F055KNI_F054NAV_003 /nfs/user/wangrenyu/data/thu_ev_xmx_1/thu_ev_wav/F055KNI_F054NAV_003.wav
F061HNA_F062NVA_001 /nfs/user/wangrenyu/data/thu_ev_xmx_1/thu_ev_wav/F061HNA_F062NVA_001.wav
F041NVA_M024HNA_003 /nfs/user/wangrenyu/data/thu_ev_xmx_1/thu_ev_wav/F041NVA_M024HNA_003.wav
F066PKN_F065ANH_003 /nfs/user/wangrenyu/data/thu_ev_xmx_1/thu_ev_wav/F066PKN_F065ANH_003.wav
M023PNG_F040VNA_001 /nfs/user/wangrenyu/data/thu_ev_xmx_1/thu_ev_wav/M023PNG_F040VNA_001.wav
F035HNA_F034NVA_001 /nfs/user/wangrenyu/data/thu_ev_xmx_1/thu_ev_wav/F035HNA_F034NVA_001.wav
M003NJH_F009VNH_003 /nfs/user/wangrenyu/data/thu_ev_xmx_1/thu_ev_wav/M003NJH_F009VNH_003.wav
M025KNA_F050NVA_007 /nfs/user/wangrenyu/data/thu_ev_xmx_1/thu_ev_wav/M025KNA_F050NVA_007.wav
F026HJN_M014VNJ_004 /nfs/user/wangrenyu/data/thu_ev_xmx_1/thu_ev_wav/F026HJN_M014VNJ_004.wav
M027KPN_M026VNJ_006 /nfs/user/wangrenyu/data/thu_ev_xmx_1/thu_ev_wav/M027KPN_M026VNJ_006.wav
F037KNI_F036NAV_001 /nfs/user/wangrenyu/data/thu_ev_xmx_1/thu_ev_wav/F037KNI_F036NAV_001.wav
F023JHN_M020ANH_006 /nfs/user/wangrenyu/data/thu_ev_xmx_1/thu_ev_wav/F023JHN_M020ANH_006.wav
F050KNA_M025NVA_003 /nfs/user/wangrenyu/data/thu_ev_xmx_1/thu_ev_wav/F050KNA_M025NVA_003.wav
F041NVA_M024HNA_007 /nfs/user/wangrenyu/data/thu_ev_xmx_1/thu_ev_wav/F041NVA_M024HNA_007.wav
M018NHJ_M017ANJ_003 /nfs/user/wangrenyu/data/thu_ev_xmx_1/thu_ev_wav/M018NHJ_M017ANJ_003.wav
F021JNA_F020VNA_003 /nfs/user/wangrenyu/data/thu_ev_xmx_1/thu_ev_wav/F021JNA_F020VNA_003.wav
F070KNI_F071NAV_006 /nfs/user/wangrenyu/data/thu_ev_xmx_1/thu_ev_wav/F070KNI_F071NAV_006.wav
M030NPK_F053VNH_001 /nfs/user/wangrenyu/data/thu_ev_xmx_1/thu_ev_wav/M030NPK_F053VNH_001.wav
M025PKN_F050ANH_001 /nfs/user/wangrenyu/data/thu_ev_xmx_1/thu_ev_wav/M025PKN_F050ANH_001.wav
F043KNA_F042NVA_004 /nfs/user/wangrenyu/data/thu_ev_xmx_1/thu_ev_wav/F043KNA_F042NVA_004.wav
F067HNA_M034NVA_003 /nfs/user/wangrenyu/data/thu_ev_xmx_1/thu_ev_wav/F067HNA_M034NVA_003.wav
F003HNA_M001NVA_001 /nfs/user/wangrenyu/data/thu_ev_xmx_1/thu_ev_wav/F003HNA_M001NVA_001.wav
M028PKN_M029ANH_003 /nfs/user/wangrenyu/data/thu_ev_xmx_1/thu_ev_wav/M028PKN_M029ANH_003.wav
M012JNA_F028VNA_002 /nfs/user/wangrenyu/data/thu_ev_xmx_1/thu_ev_wav/M012JNA_F028VNA_002.wav
F065PKN_F066ANH_005 /nfs/user/wangrenyu/data/thu_ev_xmx_1/thu_ev_wav/F065PKN_F066ANH_005.wav
F015HJN_F014VNJ_002 /nfs/user/wangrenyu/data/thu_ev_xmx_1/thu_ev_wav/F015HJN_F014VNJ_002.wav
M009HJN_M010VAN_002 /nfs/user/wangrenyu/data/thu_ev_xmx_1/thu_ev_wav/M009HJN_M010VAN_002.wav
M018JNA_M017VNA_006 /nfs/user/wangrenyu/data/thu_ev_xmx_1/thu_ev_wav/M018JNA_M017VNA_006.wav
F016NJH_F017VNH_003 /nfs/user/wangrenyu/data/thu_ev_xmx_1/thu_ev_wav/F016NJH_F017VNH_003.wav
M022PKN_M021AVN_005 /nfs/user/wangrenyu/data/thu_ev_xmx_1/thu_ev_wav/M022PKN_M021AVN_005.wav
M018NJH_M013VNH_004 /nfs/user/wangrenyu/data/thu_ev_xmx_1/thu_ev_wav/M018NJH_M013VNH_004.wav
M032PNG_M033VNA_006 /nfs/user/wangrenyu/data/thu_ev_xmx_1/thu_ev_wav/M032PNG_M033VNA_006.wav
F048KNI_F049NAV_005 /nfs/user/wangrenyu/data/thu_ev_xmx_1/thu_ev_wav/F048KNI_F049NAV_005.wav
F021JHN_F020AVN_001 /nfs/user/wangrenyu/data/thu_ev_xmx_1/thu_ev_wav/F021JHN_F020AVN_001.wav
F025JHN_M011AVN_007 /nfs/user/wangrenyu/data/thu_ev_xmx_1/thu_ev_wav/F025JHN_M011AVN_007.wav
F016JHN_F017ANH_001 /nfs/user/wangrenyu/data/thu_ev_xmx_1/thu_ev_wav/F016JHN_F017ANH_001.wav
F052HNA_F051NVA_004 /nfs/user/wangrenyu/data/thu_ev_xmx_1/thu_ev_wav/F052HNA_F051NVA_004.wav
M018JNA_M017VNA_005 /nfs/user/wangrenyu/data/thu_ev_xmx_1/thu_ev_wav/M018JNA_M017VNA_005.wav
F055PNI_F054ANV_005 /nfs/user/wangrenyu/data/thu_ev_xmx_1/thu_ev_wav/F055PNI_F054ANV_005.wav
M001HNA_F003NVA_003 /nfs/user/wangrenyu/data/thu_ev_xmx_1/thu_ev_wav/M001HNA_F003NVA_003.wav
M029PKN_M028ANH_006 /nfs/user/wangrenyu/data/thu_ev_xmx_1/thu_ev_wav/M029PKN_M028ANH_006.wav
F030PKN_F031AVN_003 /nfs/user/wangrenyu/data/thu_ev_xmx_1/thu_ev_wav/F030PKN_F031AVN_003.wav
F056PKN_M031ANH_002 /nfs/user/wangrenyu/data/thu_ev_xmx_1/thu_ev_wav/F056PKN_M031ANH_002.wav
F036PNG_F037VNA_003 /nfs/user/wangrenyu/data/thu_ev_xmx_1/thu_ev_wav/F036PNG_F037VNA_003.wav
M034PNI_F067ANV_004 /nfs/user/wangrenyu/data/thu_ev_xmx_1/thu_ev_wav/M034PNI_F067ANV_004.wav
F006HNA_F007NVA_001 /nfs/user/wangrenyu/data/thu_ev_xmx_1/thu_ev_wav/F006HNA_F007NVA_001.wav
F032NKP_F033ANJ_001 /nfs/user/wangrenyu/data/thu_ev_xmx_1/thu_ev_wav/F032NKP_F033ANJ_001.wav
M031PKN_F056ANH_005 /nfs/user/wangrenyu/data/thu_ev_xmx_1/thu_ev_wav/M031PKN_F056ANH_005.wav
F070NKP_F071ANJ_005 /nfs/user/wangrenyu/data/thu_ev_xmx_1/thu_ev_wav/F070NKP_F071ANJ_005.wav
F024HNV_M019NAV_002 /nfs/user/wangrenyu/data/thu_ev_xmx_1/thu_ev_wav/F024HNV_M019NAV_002.wav
F056PKN_M031ANH_007 /nfs/user/wangrenyu/data/thu_ev_xmx_1/thu_ev_wav/F056PKN_M031ANH_007.wav
F043KNA_F042NVA_002 /nfs/user/wangrenyu/data/thu_ev_xmx_1/thu_ev_wav/F043KNA_F042NVA_002.wav
F024HJN_M019VAN_003 /nfs/user/wangrenyu/data/thu_ev_xmx_1/thu_ev_wav/F024HJN_M019VAN_003.wav
M031PKN_F056AVN_006 /nfs/user/wangrenyu/data/thu_ev_xmx_1/thu_ev_wav/M031PKN_F056AVN_006.wav
F031PKN_F030ANV_004 /nfs/user/wangrenyu/data/thu_ev_xmx_1/thu_ev_wav/F031PKN_F030ANV_004.wav
F020JHN_F021AVN_003 /nfs/user/wangrenyu/data/thu_ev_xmx_1/thu_ev_wav/F020JHN_F021AVN_003.wav
M021KNI_M022NAV_002 /nfs/user/wangrenyu/data/thu_ev_xmx_1/thu_ev_wav/M021KNI_M022NAV_002.wav
F052HNA_F051NVA_006 /nfs/user/wangrenyu/data/thu_ev_xmx_1/thu_ev_wav/F052HNA_F051NVA_006.wav
F060KPN_F059VAN_005 /nfs/user/wangrenyu/data/thu_ev_xmx_1/thu_ev_wav/F060KPN_F059VAN_005.wav
F013NJH_F012VNH_001 /nfs/user/wangrenyu/data/thu_ev_xmx_1/thu_ev_wav/F013NJH_F012VNH_001.wav
M011JNV_F025ANV_001 /nfs/user/wangrenyu/data/thu_ev_xmx_1/thu_ev_wav/M011JNV_F025ANV_001.wav
F027JNV_M015ANV_006 /nfs/user/wangrenyu/data/thu_ev_xmx_1/thu_ev_wav/F027JNV_M015ANV_006.wav
